[Train] global_step=26112
avg_episodic_return=-0.44833290576934814
max_episodic_return=-0.3598828613758087
avg_episodic_length=51.0

[Train] global_step=52224
avg_episodic_return=-0.4496961832046509
max_episodic_return=-0.3614453673362732
avg_episodic_length=51.0

[Train] global_step=78336
avg_episodic_return=-0.4549071192741394
max_episodic_return=-0.36761724948883057
avg_episodic_length=51.0

--------------------------------------------[test] episodic_return=-0.44820000000000015
avg_episodic_return=-0.46912000000000015
tau_mean=-0.4655102040816327
rho_mean=-0.3809765147744242
tau_max=0.8948194662480375
rho_max=0.9741164758586361
--------------------------------------------

[Train] global_step=104448
avg_episodic_return=-0.4461985230445862
max_episodic_return=-0.35828131437301636
avg_episodic_length=51.0

[Train] global_step=130560
avg_episodic_return=-0.44475555419921875
max_episodic_return=-0.35496097803115845
avg_episodic_length=51.0

[Train] global_step=156672
avg_episodic_return=-0.45148757100105286
max_episodic_return=-0.3643750548362732
avg_episodic_length=51.0

--------------------------------------------[test] episodic_return=-0.3184
avg_episodic_return=-0.34102000000000005
tau_mean=0.3577864992150706
rho_mean=0.3120838046970451
tau_max=0.9905808477237047
rho_max=0.9993664871713651
--------------------------------------------

[Train] global_step=182784
avg_episodic_return=-0.45081257820129395
max_episodic_return=-0.3605859875679016
avg_episodic_length=51.0

[Train] global_step=208896
avg_episodic_return=-0.4549172818660736
max_episodic_return=-0.3680078685283661
avg_episodic_length=51.0

[Train] global_step=235008
avg_episodic_return=-0.4545398950576782
max_episodic_return=-0.36554694175720215
avg_episodic_length=51.0

--------------------------------------------[test] episodic_return=-0.40720000000000006
avg_episodic_return=-0.4281480000000002
tau_mean=-0.4748822605965463
rho_mean=-0.46446898049685514
tau_max=0.5290423861852432
rho_max=0.7405312457577267
--------------------------------------------

[Train] global_step=261120
avg_episodic_return=-0.449362576007843
max_episodic_return=-0.3609766364097595
avg_episodic_length=51.0

[Train] global_step=287232
avg_episodic_return=-0.45088523626327515
max_episodic_return=-0.3629688024520874
avg_episodic_length=51.0

[Train] global_step=313344
avg_episodic_return=-0.44028133153915405
max_episodic_return=-0.35371100902557373
avg_episodic_length=51.0

--------------------------------------------[test] episodic_return=-0.5366000000000002
avg_episodic_return=-0.5558280000000002
tau_mean=-0.23202511773940343
rho_mean=-0.20024525996651435
tau_max=0.9843014128728413
rho_max=0.998370967012082
--------------------------------------------

[Train] global_step=339456
avg_episodic_return=-0.4532703757286072
max_episodic_return=-0.3646484911441803
avg_episodic_length=51.0

[Train] global_step=365568
avg_episodic_return=-0.4493047595024109
max_episodic_return=-0.3609766364097595
avg_episodic_length=51.0

[Train] global_step=391680
avg_episodic_return=-0.4495735168457031
max_episodic_return=-0.36093756556510925
avg_episodic_length=51.0

--------------------------------------------[test] episodic_return=-0.5194000000000001
avg_episodic_return=-0.539348
tau_mean=-0.29455259026687597
rho_mean=-0.25625050907280866
tau_max=0.803767660910518
rho_max=0.9369202226345084
--------------------------------------------

[Train] global_step=417792
avg_episodic_return=-0.44361412525177
max_episodic_return=-0.35437506437301636
avg_episodic_length=51.0

[Train] global_step=443904
avg_episodic_return=-0.43813520669937134
max_episodic_return=-0.3501172661781311
avg_episodic_length=51.0

[Train] global_step=470016
avg_episodic_return=-0.4396805465221405
max_episodic_return=-0.35031256079673767
avg_episodic_length=51.0

--------------------------------------------[test] episodic_return=-0.6818000000000005
avg_episodic_return=-0.6972880000000002
tau_mean=-0.5151805337519623
rho_mean=-0.3801375627856464
tau_max=0.574568288854003
rho_max=0.7924792977057784
--------------------------------------------

[Train] global_step=496128
avg_episodic_return=-0.44123363494873047
max_episodic_return=-0.35218754410743713
avg_episodic_length=51.0

[Train] global_step=522240
avg_episodic_return=-0.4387703537940979
max_episodic_return=-0.35046881437301636
avg_episodic_length=51.0

[Train] global_step=548352
avg_episodic_return=-0.4373563230037689
max_episodic_return=-0.34996098279953003
avg_episodic_length=51.0

--------------------------------------------[test] episodic_return=-0.7266000000000002
avg_episodic_return=-0.7498320000000004
tau_mean=-0.5256985871271584
rho_mean=-0.38122720485089806
tau_max=0.5667189952904238
rho_max=0.7918457848771439
--------------------------------------------

[Train] global_step=574464
avg_episodic_return=-0.43836021423339844
max_episodic_return=-0.3512110114097595
avg_episodic_length=51.0

[Train] global_step=600576
avg_episodic_return=-0.42780476808547974
max_episodic_return=-0.34097662568092346
avg_episodic_length=51.0

[Train] global_step=626688
avg_episodic_return=-0.4306938052177429
max_episodic_return=-0.3431641161441803
avg_episodic_length=51.0

--------------------------------------------[test] episodic_return=-0.6968000000000003
avg_episodic_return=-0.7422960000000003
tau_mean=-0.5113657770800626
rho_mean=-0.366060002715055
tau_max=0.5667189952904238
rho_max=0.7918457848771439
--------------------------------------------

[Train] global_step=652800
avg_episodic_return=-0.43130162358283997
max_episodic_return=-0.34507817029953003
avg_episodic_length=51.0

[Train] global_step=678912
avg_episodic_return=-0.42925161123275757
max_episodic_return=-0.34250006079673767
avg_episodic_length=51.0

[Train] global_step=705024
avg_episodic_return=-0.43268051743507385
max_episodic_return=-0.34585943818092346
avg_episodic_length=51.0

--------------------------------------------[test] episodic_return=-0.6404000000000002
avg_episodic_return=-0.6975360000000004
tau_mean=-0.370706436420722
rho_mean=-0.2302782931354359
tau_max=0.9999999999999998
rho_max=1.0
--------------------------------------------

[Train] global_step=731136
avg_episodic_return=-0.43399930000305176
max_episodic_return=-0.34703129529953003
avg_episodic_length=51.0

[Train] global_step=757248
avg_episodic_return=-0.4307625889778137
max_episodic_return=-0.343320369720459
avg_episodic_length=51.0

[Train] global_step=783360
avg_episodic_return=-0.43201959133148193
max_episodic_return=-0.34535160660743713
avg_episodic_length=51.0

--------------------------------------------[test] episodic_return=-0.5872000000000003
avg_episodic_return=-0.6574840000000003
tau_mean=-0.26354788069073776
rho_mean=-0.13001764785736905
tau_max=0.9999999999999998
rho_max=1.0
--------------------------------------------

[Train] global_step=809472
avg_episodic_return=-0.433339923620224
max_episodic_return=-0.3469531834125519
avg_episodic_length=51.0

[Train] global_step=835584
avg_episodic_return=-0.4312899112701416
max_episodic_return=-0.34449225664138794
avg_episodic_length=51.0

[Train] global_step=861696
avg_episodic_return=-0.42594850063323975
max_episodic_return=-0.3388281762599945
avg_episodic_length=51.0

--------------------------------------------[test] episodic_return=-0.5076000000000003
avg_episodic_return=-0.6208680000000003
tau_mean=-0.19502354788069065
rho_mean=-0.06565093443142218
tau_max=0.9999999999999998
rho_max=1.0
--------------------------------------------

[Train] global_step=887808
avg_episodic_return=-0.4323766231536865
max_episodic_return=-0.3448828458786011
avg_episodic_length=51.0

[Train] global_step=913920
avg_episodic_return=-0.42623600363731384
max_episodic_return=-0.34031254053115845
avg_episodic_length=51.0

[Train] global_step=940032
avg_episodic_return=-0.43676573038101196
max_episodic_return=-0.34796881675720215
avg_episodic_length=51.0

--------------------------------------------[test] episodic_return=-0.47840000000000016
avg_episodic_return=-0.6031520000000004
tau_mean=-0.16163265306122443
rho_mean=-0.03398343816462278
tau_max=0.9999999999999998
rho_max=1.0
--------------------------------------------

[Train] global_step=966144
avg_episodic_return=-0.42739224433898926
max_episodic_return=-0.3390234708786011
avg_episodic_length=51.0

[Train] global_step=992256
avg_episodic_return=-0.4298937916755676
max_episodic_return=-0.3439062833786011
avg_episodic_length=51.0

[Train] global_step=1018368
avg_episodic_return=-0.4246782064437866
max_episodic_return=-0.3381640911102295
avg_episodic_length=51.0

--------------------------------------------[test] episodic_return=-0.3824000000000002
avg_episodic_return=-0.5229360000000002
tau_mean=-0.0329513343799058
rho_mean=0.08728268247432013
tau_max=0.9999999999999998
rho_max=1.0
--------------------------------------------

[Train] global_step=1044480
avg_episodic_return=-0.4275750517845154
max_episodic_return=-0.340390682220459
avg_episodic_length=51.0

[Train] global_step=1070592
avg_episodic_return=-0.43101099133491516
max_episodic_return=-0.34460940957069397
avg_episodic_length=51.0

[Train] global_step=1096704
avg_episodic_return=-0.42218053340911865
max_episodic_return=-0.3374219536781311
avg_episodic_length=51.0

--------------------------------------------[test] episodic_return=-0.3452000000000002
avg_episodic_return=-0.5156480000000002
tau_mean=0.011978021978021981
rho_mean=0.1286583103307842
tau_max=0.9999999999999998
rho_max=1.0
--------------------------------------------

[Train] global_step=1122816
avg_episodic_return=-0.4274907112121582
max_episodic_return=-0.3419531583786011
avg_episodic_length=51.0

[Train] global_step=1148928
avg_episodic_return=-0.42718756198883057
max_episodic_return=-0.34015631675720215
avg_episodic_length=51.0

[Train] global_step=1175040
avg_episodic_return=-0.42772430181503296
max_episodic_return=-0.34042972326278687
avg_episodic_length=51.0

--------------------------------------------[test] episodic_return=-0.37080000000000013
avg_episodic_return=-0.5514080000000002
tau_mean=-0.09240188383045526
rho_mean=0.03199149282772978
tau_max=0.9999999999999998
rho_max=1.0
--------------------------------------------

[Train] global_step=1201152
avg_episodic_return=-0.42738911509513855
max_episodic_return=-0.33906254172325134
avg_episodic_length=51.0

[Train] global_step=1227264
avg_episodic_return=-0.41579458117485046
max_episodic_return=-0.32914066314697266
avg_episodic_length=51.0

[Train] global_step=1253376
avg_episodic_return=-0.4244297742843628
max_episodic_return=-0.33750006556510925
avg_episodic_length=51.0

--------------------------------------------[test] episodic_return=-0.3430000000000002
avg_episodic_return=-0.5116680000000002
tau_mean=-0.011365777080062806
rho_mean=0.1060781030815874
tau_max=0.9984301412872839
rho_max=0.9999094981673379
--------------------------------------------

[Train] global_step=1279488
avg_episodic_return=-0.42080867290496826
max_episodic_return=-0.3336719274520874
avg_episodic_length=51.0

[Train] global_step=1305600
avg_episodic_return=-0.42740398645401
max_episodic_return=-0.34214848279953003
avg_episodic_length=51.0

[Train] global_step=1331712
avg_episodic_return=-0.4280563294887543
max_episodic_return=-0.3406250476837158
avg_episodic_length=51.0

--------------------------------------------[test] episodic_return=-0.35400000000000004
avg_episodic_return=-0.5159120000000003
tau_mean=-0.04671899529042385
rho_mean=0.0707199420788271
tau_max=0.9968602825745682
rho_max=0.9998189963346759
--------------------------------------------

[Train] global_step=1357824
avg_episodic_return=-0.4301266074180603
max_episodic_return=-0.34464848041534424
avg_episodic_length=51.0

[Train] global_step=1383936
avg_episodic_return=-0.426552414894104
max_episodic_return=-0.3405078649520874
avg_episodic_length=51.0

[Train] global_step=1410048
avg_episodic_return=-0.4261125922203064
max_episodic_return=-0.34128913283348083
avg_episodic_length=51.0

--------------------------------------------[test] episodic_return=-0.3546000000000001
avg_episodic_return=-0.5232960000000001
tau_mean=-0.09956043956043954
rho_mean=0.017728404000180987
tau_max=0.9968602825745682
rho_max=0.9998189963346759
--------------------------------------------

[Train] global_step=1436160
avg_episodic_return=-0.42368990182876587
max_episodic_return=-0.33628910779953003
avg_episodic_length=51.0

[Train] global_step=1462272
avg_episodic_return=-0.4244157075881958
max_episodic_return=-0.3388281762599945
avg_episodic_length=51.0

[Train] global_step=1488384
avg_episodic_return=-0.4195813238620758
max_episodic_return=-0.33484378457069397
avg_episodic_length=51.0

--------------------------------------------[test] episodic_return=-0.32400000000000007
avg_episodic_return=-0.5009280000000002
tau_mean=-0.0632496075353218
rho_mean=0.05323589302683377
tau_max=0.9984301412872839
rho_max=0.9999094981673379
--------------------------------------------

[Train] global_step=1514496
avg_episodic_return=-0.42548367381095886
max_episodic_return=-0.3389453887939453
avg_episodic_length=51.0

[Train] global_step=1540608
avg_episodic_return=-0.41745707392692566
max_episodic_return=-0.3332813084125519
avg_episodic_length=51.0

[Train] global_step=1566720
avg_episodic_return=-0.4217188358306885
max_episodic_return=-0.33566412329673767
avg_episodic_length=51.0

--------------------------------------------[test] episodic_return=-0.3168000000000001
avg_episodic_return=-0.5130200000000003
tau_mean=-0.10287284144427002
rho_mean=0.01992035838725732
tau_max=0.9999999999999998
rho_max=1.0
--------------------------------------------

[Train] global_step=1592832
avg_episodic_return=-0.4247578978538513
max_episodic_return=-0.33914071321487427
avg_episodic_length=51.0

[Train] global_step=1618944
avg_episodic_return=-0.41870707273483276
max_episodic_return=-0.33246099948883057
avg_episodic_length=51.0

[Train] global_step=1645056
avg_episodic_return=-0.4177734851837158
max_episodic_return=-0.33191412687301636
avg_episodic_length=51.0

--------------------------------------------[test] episodic_return=-0.29120000000000007
avg_episodic_return=-0.47881600000000013
tau_mean=-0.0010675039246467828
rho_mean=0.11491741707769584
tau_max=0.9984301412872839
rho_max=0.9999094981673379
--------------------------------------------

[Train] global_step=1671168
avg_episodic_return=-0.43031883239746094
max_episodic_return=-0.34421882033348083
avg_episodic_length=51.0

[Train] global_step=1697280
avg_episodic_return=-0.4192211627960205
max_episodic_return=-0.3314063251018524
avg_episodic_length=51.0

[Train] global_step=1723392
avg_episodic_return=-0.4231039881706238
max_episodic_return=-0.3369141221046448
avg_episodic_length=51.0

--------------------------------------------[test] episodic_return=-0.27680000000000005
avg_episodic_return=-0.47172800000000015
tau_mean=0.009905808477237061
rho_mean=0.12769899090456582
tau_max=0.9999999999999998
rho_max=1.0
--------------------------------------------

[Train] global_step=1749504
avg_episodic_return=-0.42036178708076477
max_episodic_return=-0.3330078721046448
avg_episodic_length=51.0

[Train] global_step=1775616
avg_episodic_return=-0.4223368167877197
max_episodic_return=-0.3351953625679016
avg_episodic_length=51.0

[Train] global_step=1801728
avg_episodic_return=-0.4180024266242981
max_episodic_return=-0.33097660541534424
avg_episodic_length=51.0

--------------------------------------------[test] episodic_return=-0.29380000000000006
avg_episodic_return=-0.4782440000000001
tau_mean=-0.05868131868131866
rho_mean=0.058168242906918854
tau_max=0.9984301412872839
rho_max=0.9999094981673379
--------------------------------------------

[Train] global_step=1827840
avg_episodic_return=-0.4241867959499359
max_episodic_return=-0.3370313048362732
avg_episodic_length=51.0

[Train] global_step=1853952
avg_episodic_return=-0.4178008437156677
max_episodic_return=-0.3312891125679016
avg_episodic_length=51.0

[Train] global_step=1880064
avg_episodic_return=-0.4229164719581604
max_episodic_return=-0.3360937833786011
avg_episodic_length=51.0

--------------------------------------------[test] episodic_return=-0.2902
avg_episodic_return=-0.49066400000000016
tau_mean=-0.05941915227629512
rho_mean=0.05695008823928685
tau_max=0.9999999999999998
rho_max=1.0
--------------------------------------------

[Train] global_step=1906176
avg_episodic_return=-0.422044575214386
max_episodic_return=-0.334531307220459
avg_episodic_length=51.0

[Train] global_step=1932288
avg_episodic_return=-0.4222906827926636
max_episodic_return=-0.3336719274520874
avg_episodic_length=51.0

[Train] global_step=1958400
avg_episodic_return=-0.41602036356925964
max_episodic_return=-0.33195316791534424
avg_episodic_length=51.0

--------------------------------------------[test] episodic_return=-0.3024
avg_episodic_return=-0.5014520000000001
tau_mean=-0.09861852433281003
rho_mean=0.017350106339653375
tau_max=0.9999999999999998
rho_max=1.0
--------------------------------------------

[Train] global_step=1984512
avg_episodic_return=-0.41924849152565
max_episodic_return=-0.3317578434944153
avg_episodic_length=51.0

[Train] global_step=2010624
avg_episodic_return=-0.4122016429901123
max_episodic_return=-0.32593753933906555
avg_episodic_length=51.0

[Train] global_step=2036736
avg_episodic_return=-0.41807663440704346
max_episodic_return=-0.3317578434944153
avg_episodic_length=51.0

--------------------------------------------[test] episodic_return=-0.27380000000000004
avg_episodic_return=-0.48160400000000003
tau_mean=0.03323390894819466
rho_mean=0.15083759446128786
tau_max=0.9999999999999998
rho_max=1.0
--------------------------------------------

[Train] global_step=2062848
avg_episodic_return=-0.4094383120536804
max_episodic_return=-0.3233203589916229
avg_episodic_length=51.0

[Train] global_step=2088960
avg_episodic_return=-0.4151516258716583
max_episodic_return=-0.3279687762260437
avg_episodic_length=51.0

[Train] global_step=2115072
avg_episodic_return=-0.41445237398147583
max_episodic_return=-0.32703131437301636
avg_episodic_length=51.0

--------------------------------------------[test] episodic_return=-0.26940000000000003
avg_episodic_return=-0.48778000000000005
tau_mean=0.06888540031397172
rho_mean=0.18546540567446487
tau_max=0.9999999999999998
rho_max=1.0
--------------------------------------------

[Train] global_step=2141184
avg_episodic_return=-0.4202665090560913
max_episodic_return=-0.33273443579673767
avg_episodic_length=51.0

[Train] global_step=2167296
avg_episodic_return=-0.4160500764846802
max_episodic_return=-0.32886722683906555
avg_episodic_length=51.0

[Train] global_step=2193408
avg_episodic_return=-0.42053836584091187
max_episodic_return=-0.3335156738758087
avg_episodic_length=51.0

--------------------------------------------[test] episodic_return=-0.2852
avg_episodic_return=-0.4980200000000001
tau_mean=-0.02015698587127159
rho_mean=0.09462600117652381
tau_max=0.9999999999999998
rho_max=1.0
--------------------------------------------

[Train] global_step=2219520
avg_episodic_return=-0.41723912954330444
max_episodic_return=-0.32855474948883057
avg_episodic_length=51.0

[Train] global_step=2245632
avg_episodic_return=-0.4108180105686188
max_episodic_return=-0.3243359923362732
avg_episodic_length=51.0

[Train] global_step=2271744
avg_episodic_return=-0.4153008460998535
max_episodic_return=-0.32886722683906555
avg_episodic_length=51.0

--------------------------------------------[test] episodic_return=-0.27240000000000003
avg_episodic_return=-0.47987200000000024
tau_mean=0.055164835164835155
rho_mean=0.16972985202950358
tau_max=0.9999999999999998
rho_max=1.0
--------------------------------------------

[Train] global_step=2297856
avg_episodic_return=-0.4166274070739746
max_episodic_return=-0.3296484649181366
avg_episodic_length=51.0

[Train] global_step=2323968
avg_episodic_return=-0.4158070981502533
max_episodic_return=-0.32816410064697266
avg_episodic_length=51.0

[Train] global_step=2350080
avg_episodic_return=-0.41793835163116455
max_episodic_return=-0.32957035303115845
avg_episodic_length=51.0

--------------------------------------------[test] episodic_return=-0.25139999999999996
avg_episodic_return=-0.4663360000000001
tau_mean=0.19364207221350072
rho_mean=0.30913253993393364
tau_max=0.9999999999999998
rho_max=1.0
--------------------------------------------

[Train] global_step=2376192
avg_episodic_return=-0.40903598070144653
max_episodic_return=-0.32277345657348633
avg_episodic_length=51.0

[Train] global_step=2402304
avg_episodic_return=-0.41860711574554443
max_episodic_return=-0.3318750560283661
avg_episodic_length=51.0

[Train] global_step=2428416
avg_episodic_return=-0.422421932220459
max_episodic_return=-0.3350391089916229
avg_episodic_length=51.0

--------------------------------------------[test] episodic_return=-0.316
avg_episodic_return=-0.48450400000000016
tau_mean=-0.12841444270015695
rho_mean=-0.021345762251685607
tau_max=0.9984301412872839
rho_max=0.9999094981673379
--------------------------------------------

[Train] global_step=2454528
avg_episodic_return=-0.4152359962463379
max_episodic_return=-0.32757818698883057
avg_episodic_length=51.0

[Train] global_step=2480640
avg_episodic_return=-0.4142773747444153
max_episodic_return=-0.3271093964576721
avg_episodic_length=51.0

[Train] global_step=2506752
avg_episodic_return=-0.4142211675643921
max_episodic_return=-0.32746097445487976
avg_episodic_length=51.0

--------------------------------------------[test] episodic_return=-0.2942
avg_episodic_return=-0.4943360000000002
tau_mean=-0.02158555729984302
rho_mean=0.08810534413321867
tau_max=0.9999999999999998
rho_max=1.0
--------------------------------------------

[Train] global_step=2532864
avg_episodic_return=-0.4141688048839569
max_episodic_return=-0.3274219036102295
avg_episodic_length=51.0

[Train] global_step=2558976
avg_episodic_return=-0.41457897424697876
max_episodic_return=-0.3276953399181366
avg_episodic_length=51.0

[Train] global_step=2585088
avg_episodic_return=-0.41024070978164673
max_episodic_return=-0.3225391209125519
avg_episodic_length=51.0

--------------------------------------------[test] episodic_return=-0.28720000000000007
avg_episodic_return=-0.4882080000000002
tau_mean=0.022715855572998437
rho_mean=0.12486718856056835
tau_max=0.9952904238618523
rho_max=0.9997284945020136
--------------------------------------------

[Train] global_step=2611200
avg_episodic_return=-0.41051411628723145
max_episodic_return=-0.3235156834125519
avg_episodic_length=51.0

[Train] global_step=2637312
avg_episodic_return=-0.40975865721702576
max_episodic_return=-0.3214453458786011
avg_episodic_length=51.0

[Train] global_step=2663424
avg_episodic_return=-0.41473519802093506
max_episodic_return=-0.32761722803115845
avg_episodic_length=51.0

--------------------------------------------[test] episodic_return=-0.22620000000000004
avg_episodic_return=-0.4574640000000001
tau_mean=0.3870486656200942
rho_mean=0.4853187927055523
tau_max=0.9999999999999998
rho_max=1.0
--------------------------------------------

[Train] global_step=2689536
avg_episodic_return=-0.4124336838722229
max_episodic_return=-0.32429689168930054
avg_episodic_length=51.0

[Train] global_step=2715648
avg_episodic_return=-0.4158110022544861
max_episodic_return=-0.3287891149520874
avg_episodic_length=51.0

[Train] global_step=2741760
avg_episodic_return=-0.4066852331161499
max_episodic_return=-0.31828129291534424
avg_episodic_length=51.0

--------------------------------------------[test] episodic_return=-0.22680000000000003
avg_episodic_return=-0.4494560000000001
tau_mean=0.3842543171114599
rho_mean=0.4927969591384225
tau_max=0.9999999999999998
rho_max=1.0
--------------------------------------------

[Train] global_step=2767872
avg_episodic_return=-0.40904536843299866
max_episodic_return=-0.3194922208786011
avg_episodic_length=51.0

[Train] global_step=2793984
avg_episodic_return=-0.40826255083084106
max_episodic_return=-0.32019534707069397
avg_episodic_length=51.0

[Train] global_step=2820096
avg_episodic_return=-0.41144615411758423
max_episodic_return=-0.3246094286441803
avg_episodic_length=51.0

--------------------------------------------[test] episodic_return=-0.2096
avg_episodic_return=-0.43614000000000014
tau_mean=0.4336106750392464
rho_mean=0.5410407710756142
tau_max=0.9999999999999998
rho_max=1.0
--------------------------------------------

[Train] global_step=2846208
avg_episodic_return=-0.41523289680480957
max_episodic_return=-0.3275390863418579
avg_episodic_length=51.0

[Train] global_step=2872320
avg_episodic_return=-0.41337352991104126
max_episodic_return=-0.32570314407348633
avg_episodic_length=51.0

[Train] global_step=2898432
avg_episodic_return=-0.4093789756298065
max_episodic_return=-0.32187503576278687
avg_episodic_length=51.0

--------------------------------------------[test] episodic_return=-0.225
avg_episodic_return=-0.46433200000000013
tau_mean=0.36533751962323385
rho_mean=0.4713588850174215
tau_max=0.9890109890109888
rho_max=0.9992759853387031
--------------------------------------------

[Train] global_step=2924544
avg_episodic_return=-0.4075961709022522
max_episodic_return=-0.3205469250679016
avg_episodic_length=51.0

[Train] global_step=2950656
avg_episodic_return=-0.4170602262020111
max_episodic_return=-0.3292578458786011
avg_episodic_length=51.0

[Train] global_step=2976768
avg_episodic_return=-0.4189094305038452
max_episodic_return=-0.33054691553115845
avg_episodic_length=51.0

--------------------------------------------[test] episodic_return=-0.2134
avg_episodic_return=-0.4608280000000001
tau_mean=0.40091051805337513
rho_mean=0.49726412959862437
tau_max=0.9999999999999998
rho_max=1.0
--------------------------------------------

[Train] global_step=3002880
avg_episodic_return=-0.4141000807285309
max_episodic_return=-0.3272266387939453
avg_episodic_length=51.0

[Train] global_step=3028992
avg_episodic_return=-0.4161430299282074
max_episodic_return=-0.32800787687301636
avg_episodic_length=51.0

[Train] global_step=3055104
avg_episodic_return=-0.4080352187156677
max_episodic_return=-0.3211328685283661
avg_episodic_length=51.0

--------------------------------------------[test] episodic_return=-0.22119999999999998
avg_episodic_return=-0.460776
tau_mean=0.39800627943485073
rho_mean=0.501870672881126
tau_max=0.9999999999999998
rho_max=1.0
--------------------------------------------

[Train] global_step=3081216
avg_episodic_return=-0.40387973189353943
max_episodic_return=-0.31687504053115845
avg_episodic_length=51.0

[Train] global_step=3107328
avg_episodic_return=-0.4137672483921051
max_episodic_return=-0.32472658157348633
avg_episodic_length=51.0

[Train] global_step=3133440
avg_episodic_return=-0.4132039546966553
max_episodic_return=-0.32605475187301636
avg_episodic_length=51.0

--------------------------------------------[test] episodic_return=-0.21799999999999997
avg_episodic_return=-0.4574800000000001
tau_mean=0.4006593406593406
rho_mean=0.5072184261731301
tau_max=0.9999999999999998
rho_max=1.0
--------------------------------------------

[Train] global_step=3159552
avg_episodic_return=-0.40763211250305176
max_episodic_return=-0.3215234875679016
avg_episodic_length=51.0

[Train] global_step=3185664
avg_episodic_return=-0.41148677468299866
max_episodic_return=-0.32230472564697266
avg_episodic_length=51.0

[Train] global_step=3211776
avg_episodic_return=-0.4045703709125519
max_episodic_return=-0.3167969286441803
avg_episodic_length=51.0

--------------------------------------------[test] episodic_return=-0.24380000000000002
avg_episodic_return=-0.4653160000000001
tau_mean=0.2396232339089482
rho_mean=0.34121362957599877
tau_max=0.9827315541601255
rho_max=0.9989139780080546
--------------------------------------------

[Train] global_step=3237888
avg_episodic_return=-0.4086149334907532
max_episodic_return=-0.3210156559944153
avg_episodic_length=51.0

[Train] global_step=3264000
avg_episodic_return=-0.4095039963722229
max_episodic_return=-0.32277345657348633
avg_episodic_length=51.0

[Train] global_step=3290112
avg_episodic_return=-0.40892115235328674
max_episodic_return=-0.3223437964916229
avg_episodic_length=51.0

--------------------------------------------[test] episodic_return=-0.22440000000000002
avg_episodic_return=-0.45772400000000013
tau_mean=0.4189795918367347
rho_mean=0.5244843658084075
tau_max=0.9999999999999998
rho_max=1.0
--------------------------------------------

[Train] global_step=3316224
avg_episodic_return=-0.41091883182525635
max_episodic_return=-0.32300785183906555
avg_episodic_length=51.0

[Train] global_step=3342336
avg_episodic_return=-0.41114380955696106
max_episodic_return=-0.32316410541534424
avg_episodic_length=51.0

[Train] global_step=3368448
avg_episodic_return=-0.40695005655288696
max_episodic_return=-0.31867191195487976
avg_episodic_length=51.0

--------------------------------------------[test] episodic_return=-0.25440000000000007
avg_episodic_return=-0.46191600000000016
tau_mean=0.2037048665620094
rho_mean=0.3058228879134802
tau_max=0.9827315541601255
rho_max=0.9989139780080546
--------------------------------------------

[Train] global_step=3394560
avg_episodic_return=-0.40900787711143494
max_episodic_return=-0.32273441553115845
avg_episodic_length=51.0

[Train] global_step=3420672
avg_episodic_return=-0.4065602421760559
max_episodic_return=-0.3185156583786011
avg_episodic_length=51.0

[Train] global_step=3446784
avg_episodic_return=-0.4064992666244507
max_episodic_return=-0.3194141089916229
avg_episodic_length=51.0

--------------------------------------------[test] episodic_return=-0.264
avg_episodic_return=-0.46618400000000015
tau_mean=0.1492935635792778
rho_mean=0.24985745961355715
tau_max=0.9811616954474096
rho_max=0.9989139780080546
--------------------------------------------

[Train] global_step=3472896
avg_episodic_return=-0.40785396099090576
max_episodic_return=-0.31937503814697266
avg_episodic_length=51.0

[Train] global_step=3499008
avg_episodic_return=-0.4027656614780426
max_episodic_return=-0.31589847803115845
avg_episodic_length=51.0

[Train] global_step=3525120
avg_episodic_return=-0.40763288736343384
max_episodic_return=-0.32050782442092896
avg_episodic_length=51.0

--------------------------------------------[test] episodic_return=-0.2820000000000001
avg_episodic_return=-0.4666520000000001
tau_mean=0.06288854003139717
rho_mean=0.15517987239241596
tau_max=0.9811616954474096
rho_max=0.9989139780080546
--------------------------------------------

[Train] global_step=3551232
avg_episodic_return=-0.3988485336303711
max_episodic_return=-0.3116406798362732
avg_episodic_length=51.0

[Train] global_step=3577344
avg_episodic_return=-0.4082016348838806
max_episodic_return=-0.32035160064697266
avg_episodic_length=51.0

[Train] global_step=3603456
avg_episodic_return=-0.40030163526535034
max_episodic_return=-0.31335940957069397
avg_episodic_length=51.0

--------------------------------------------[test] episodic_return=-0.26720000000000005
avg_episodic_return=-0.46880400000000017
tau_mean=0.1505651491365777
rho_mean=0.24359654282999227
tau_max=0.9811616954474096
rho_max=0.9989139780080546
--------------------------------------------

[Train] global_step=3629568
avg_episodic_return=-0.4010930061340332
max_episodic_return=-0.31406253576278687
avg_episodic_length=51.0

[Train] global_step=3655680
avg_episodic_return=-0.40150630474090576
max_episodic_return=-0.31488287448883057
avg_episodic_length=51.0

[Train] global_step=3681792
avg_episodic_return=-0.4030109941959381
max_episodic_return=-0.3153906762599945
avg_episodic_length=51.0

--------------------------------------------[test] episodic_return=-0.278
avg_episodic_return=-0.4690720000000001
tau_mean=0.061930926216640494
rho_mean=0.14952984297932034
tau_max=0.9811616954474096
rho_max=0.9989139780080546
--------------------------------------------

[Train] global_step=3707904
avg_episodic_return=-0.40719303488731384
max_episodic_return=-0.31781256198883057
avg_episodic_length=51.0

[Train] global_step=3734016
avg_episodic_return=-0.4043727219104767
max_episodic_return=-0.3155469298362732
avg_episodic_length=51.0

[Train] global_step=3760128
avg_episodic_return=-0.39931023120880127
max_episodic_return=-0.31027349829673767
avg_episodic_length=51.0

--------------------------------------------[test] episodic_return=-0.28940000000000005
avg_episodic_return=-0.4709920000000001
tau_mean=0.0023233908948194835
rho_mean=0.09319064211050274
tau_max=0.9811616954474096
rho_max=0.9989139780080546
--------------------------------------------

[Train] global_step=3786240
avg_episodic_return=-0.40822815895080566
max_episodic_return=-0.31953132152557373
avg_episodic_length=51.0

[Train] global_step=3812352
avg_episodic_return=-0.40100863575935364
max_episodic_return=-0.3120703399181366
avg_episodic_length=51.0

[Train] global_step=3838464
avg_episodic_return=-0.40282976627349854
max_episodic_return=-0.3141406774520874
avg_episodic_length=51.0

--------------------------------------------[test] episodic_return=-0.2586
avg_episodic_return=-0.46183600000000014
tau_mean=0.20516483516483514
rho_mean=0.2967030182361193
tau_max=0.9811616954474096
rho_max=0.9989139780080546
--------------------------------------------

[Train] global_step=3864576
avg_episodic_return=-0.3978383541107178
max_episodic_return=-0.3113281726837158
avg_episodic_length=51.0

[Train] global_step=3890688
avg_episodic_return=-0.396480530500412
max_episodic_return=-0.30796879529953003
avg_episodic_length=51.0

[Train] global_step=3916800
avg_episodic_return=-0.40269535779953003
max_episodic_return=-0.3161328434944153
avg_episodic_length=51.0

--------------------------------------------[test] episodic_return=-0.2826
avg_episodic_return=-0.4604440000000002
tau_mean=0.07441130298273153
rho_mean=0.1530096384451785
tau_max=0.9811616954474096
rho_max=0.9989139780080546
--------------------------------------------

[Train] global_step=3942912
avg_episodic_return=-0.40060943365097046
max_episodic_return=-0.3110937774181366
avg_episodic_length=51.0

[Train] global_step=3969024
avg_episodic_return=-0.3908383250236511
max_episodic_return=-0.3030468821525574
avg_episodic_length=51.0

[Train] global_step=3995136
avg_episodic_return=-0.40116098523139954
max_episodic_return=-0.31292974948883057
avg_episodic_length=51.0

--------------------------------------------[test] episodic_return=-0.28800000000000003
avg_episodic_return=-0.4586240000000001
tau_mean=0.03372056514913658
rho_mean=0.11151997827956014
tau_max=0.9811616954474096
rho_max=0.9989139780080546
--------------------------------------------

[Train] global_step=4021248
avg_episodic_return=-0.40198442339897156
max_episodic_return=-0.31531253457069397
avg_episodic_length=51.0

[Train] global_step=4047360
avg_episodic_return=-0.3986609876155853
max_episodic_return=-0.31085941195487976
avg_episodic_length=51.0

[Train] global_step=4073472
avg_episodic_return=-0.40882039070129395
max_episodic_return=-0.318906307220459
avg_episodic_length=51.0

--------------------------------------------[test] episodic_return=-0.2752
avg_episodic_return=-0.4557200000000002
tau_mean=0.1010518053375196
rho_mean=0.17420969274627807
tau_max=0.9811616954474096
rho_max=0.9989139780080546
--------------------------------------------

[Train] global_step=4099584
avg_episodic_return=-0.39961332082748413
max_episodic_return=-0.3106641173362732
avg_episodic_length=51.0

[Train] global_step=4125696
avg_episodic_return=-0.3926563262939453
max_episodic_return=-0.3053516149520874
avg_episodic_length=51.0

[Train] global_step=4151808
avg_episodic_return=-0.39482349157333374
max_episodic_return=-0.3056641221046448
avg_episodic_length=51.0

--------------------------------------------[test] episodic_return=-0.28180000000000005
avg_episodic_return=-0.4482440000000001
tau_mean=0.10529042386185244
rho_mean=0.16781392823204666
tau_max=0.9811616954474096
rho_max=0.9989139780080546
--------------------------------------------

[Train] global_step=4177920
avg_episodic_return=-0.3914063274860382
max_episodic_return=-0.30332034826278687
avg_episodic_length=51.0

[Train] global_step=4204032
avg_episodic_return=-0.3956727385520935
max_episodic_return=-0.30847659707069397
avg_episodic_length=51.0

[Train] global_step=4230144
avg_episodic_return=-0.39521098136901855
max_episodic_return=-0.30710941553115845
avg_episodic_length=51.0

--------------------------------------------[test] episodic_return=-0.28180000000000005
avg_episodic_return=-0.45142400000000016
tau_mean=0.07985871271585555
rho_mean=0.1434852255758179
tau_max=0.9811616954474096
rho_max=0.9989139780080546
--------------------------------------------

