[Train] global_step=26112
avg_episodic_return=-0.5037446022033691
max_episodic_return=-0.4150000512599945
avg_episodic_length=51.0

[Train] global_step=52224
avg_episodic_return=-0.5025750398635864
max_episodic_return=-0.4151172339916229
avg_episodic_length=51.0

[Train] global_step=78336
avg_episodic_return=-0.5016360282897949
max_episodic_return=-0.41480475664138794
avg_episodic_length=51.0

[Train] global_step=104448
avg_episodic_return=-0.502346932888031
max_episodic_return=-0.41464850306510925
avg_episodic_length=51.0

[Train] global_step=130560
avg_episodic_return=-0.5012250542640686
max_episodic_return=-0.41257816553115845
avg_episodic_length=51.0

--------------------------------------------[test] episodic_return=-0.42000000000000015
avg_episodic_return=-0.4816000000000001
max_episodic_return=-0.42000000000000015
avg_episodic_length=51.0
tau=0.13500784929356358
rho=0.19688673695642336
--------------------------------------------

[Train] global_step=156672
avg_episodic_return=-0.5084422826766968
max_episodic_return=-0.42035165429115295
avg_episodic_length=51.0

[Train] global_step=182784
avg_episodic_return=-0.49879223108291626
max_episodic_return=-0.41089850664138794
avg_episodic_length=51.0

[Train] global_step=208896
avg_episodic_return=-0.5047531723976135
max_episodic_return=-0.4162500500679016
avg_episodic_length=51.0

[Train] global_step=235008
avg_episodic_return=-0.5002719163894653
max_episodic_return=-0.41160160303115845
avg_episodic_length=51.0

[Train] global_step=261120
avg_episodic_return=-0.4951891303062439
max_episodic_return=-0.4074609875679016
avg_episodic_length=51.0

--------------------------------------------[test] episodic_return=-0.5000000000000001
avg_episodic_return=-0.5224000000000002
max_episodic_return=-0.5000000000000001
avg_episodic_length=51.0
tau=0.14599686028257453
rho=0.21408208516222454
--------------------------------------------

[Train] global_step=287232
avg_episodic_return=-0.5174766778945923
max_episodic_return=-0.42945319414138794
avg_episodic_length=51.0

[Train] global_step=313344
avg_episodic_return=-0.5126086473464966
max_episodic_return=-0.4260547459125519
avg_episodic_length=51.0

[Train] global_step=339456
avg_episodic_return=-0.5100859999656677
max_episodic_return=-0.42191413044929504
avg_episodic_length=51.0

[Train] global_step=365568
avg_episodic_return=-0.5074899196624756
max_episodic_return=-0.41929692029953003
avg_episodic_length=51.0

[Train] global_step=391680
avg_episodic_return=-0.5011508464813232
max_episodic_return=-0.4131641387939453
avg_episodic_length=51.0

--------------------------------------------[test] episodic_return=-0.52
avg_episodic_return=-0.5472000000000001
max_episodic_return=-0.52
avg_episodic_length=51.0
tau=0.16326530612244894
rho=0.235621521335807
--------------------------------------------

[Train] global_step=417792
avg_episodic_return=-0.5087946057319641
max_episodic_return=-0.4218359887599945
avg_episodic_length=51.0

[Train] global_step=443904
avg_episodic_return=-0.49880242347717285
max_episodic_return=-0.41007816791534424
avg_episodic_length=51.0

[Train] global_step=470016
avg_episodic_return=-0.504243016242981
max_episodic_return=-0.4157422184944153
avg_episodic_length=51.0

[Train] global_step=496128
avg_episodic_return=-0.4993898868560791
max_episodic_return=-0.41199225187301636
avg_episodic_length=51.0

[Train] global_step=522240
avg_episodic_return=-0.49393129348754883
max_episodic_return=-0.40695318579673767
avg_episodic_length=51.0

--------------------------------------------[test] episodic_return=-0.5000000000000001
avg_episodic_return=-0.5404000000000001
max_episodic_return=-0.5000000000000001
avg_episodic_length=51.0
tau=0.16483516483516478
rho=0.2353500158378207
--------------------------------------------

[Train] global_step=548352
avg_episodic_return=-0.5062719583511353
max_episodic_return=-0.4186328649520874
avg_episodic_length=51.0

[Train] global_step=574464
avg_episodic_return=-0.49458837509155273
max_episodic_return=-0.40726569294929504
avg_episodic_length=51.0

[Train] global_step=600576
avg_episodic_return=-0.49934929609298706
max_episodic_return=-0.41148442029953003
avg_episodic_length=51.0

[Train] global_step=626688
avg_episodic_return=-0.49743443727493286
max_episodic_return=-0.408750057220459
avg_episodic_length=51.0

[Train] global_step=652800
avg_episodic_return=-0.5011070966720581
max_episodic_return=-0.4148828685283661
avg_episodic_length=51.0

--------------------------------------------[test] episodic_return=-0.48000000000000015
avg_episodic_return=-0.5384000000000001
max_episodic_return=-0.48000000000000015
avg_episodic_length=51.0
tau=0.1664050235478807
rho=0.23851757998099463
--------------------------------------------

[Train] global_step=678912
avg_episodic_return=-0.4965539574623108
max_episodic_return=-0.4112500548362732
avg_episodic_length=51.0

[Train] global_step=705024
avg_episodic_return=-0.4980149269104004
max_episodic_return=-0.4121875464916229
avg_episodic_length=51.0

[Train] global_step=731136
avg_episodic_return=-0.4967336654663086
max_episodic_return=-0.41156256198883057
avg_episodic_length=51.0

[Train] global_step=757248
avg_episodic_return=-0.49580398201942444
max_episodic_return=-0.4109375476837158
avg_episodic_length=51.0

[Train] global_step=783360
avg_episodic_return=-0.49499067664146423
max_episodic_return=-0.40906256437301636
avg_episodic_length=51.0

--------------------------------------------[test] episodic_return=-0.5000000000000001
avg_episodic_return=-0.5324
max_episodic_return=-0.5000000000000001
avg_episodic_length=51.0
tau=0.17111459968602818
rho=0.24240915878546537
--------------------------------------------

[Train] global_step=809472
avg_episodic_return=-0.4930344223976135
max_episodic_return=-0.40753912925720215
avg_episodic_length=51.0

[Train] global_step=835584
avg_episodic_return=-0.4907836318016052
max_episodic_return=-0.4060938358306885
avg_episodic_length=51.0

[Train] global_step=861696
avg_episodic_return=-0.49433133006095886
max_episodic_return=-0.40937507152557373
avg_episodic_length=51.0

[Train] global_step=887808
avg_episodic_return=-0.48730242252349854
max_episodic_return=-0.40152350068092346
avg_episodic_length=51.0

[Train] global_step=913920
avg_episodic_return=-0.48942506313323975
max_episodic_return=-0.4042188227176666
avg_episodic_length=51.0

--------------------------------------------[test] episodic_return=-0.46000000000000013
avg_episodic_return=-0.5124
max_episodic_return=-0.46000000000000013
avg_episodic_length=51.0
tau=0.1805337519623234
rho=0.2567989501787411
--------------------------------------------

[Train] global_step=940032
avg_episodic_return=-0.48871880769729614
max_episodic_return=-0.403554767370224
avg_episodic_length=51.0

[Train] global_step=966144
avg_episodic_return=-0.4920961558818817
max_episodic_return=-0.40933600068092346
avg_episodic_length=51.0

[Train] global_step=992256
avg_episodic_return=-0.49070629477500916
max_episodic_return=-0.40644538402557373
avg_episodic_length=51.0

[Train] global_step=1018368
avg_episodic_return=-0.4892532229423523
max_episodic_return=-0.4071485102176666
avg_episodic_length=51.0

[Train] global_step=1044480
avg_episodic_return=-0.4903023838996887
max_episodic_return=-0.4056641459465027
avg_episodic_length=51.0

--------------------------------------------[test] episodic_return=-0.46000000000000013
avg_episodic_return=-0.5036
max_episodic_return=-0.46000000000000013
avg_episodic_length=51.0
tau=0.18681318681318676
rho=0.2701932214127336
--------------------------------------------

[Train] global_step=1070592
avg_episodic_return=-0.48543989658355713
max_episodic_return=-0.40000006556510925
avg_episodic_length=51.0

[Train] global_step=1096704
avg_episodic_return=-0.48147818446159363
max_episodic_return=-0.39792972803115845
avg_episodic_length=51.0

[Train] global_step=1122816
avg_episodic_return=-0.49462977051734924
max_episodic_return=-0.4121875762939453
avg_episodic_length=51.0

[Train] global_step=1148928
avg_episodic_return=-0.491255521774292
max_episodic_return=-0.407461017370224
avg_episodic_length=51.0

[Train] global_step=1175040
avg_episodic_return=-0.49321645498275757
max_episodic_return=-0.4102734923362732
avg_episodic_length=51.0

--------------------------------------------[test] episodic_return=-0.5000000000000001
avg_episodic_return=-0.5336000000000002
max_episodic_return=-0.5000000000000001
avg_episodic_length=51.0
tau=0.183673469387755
rho=0.26838318475949136
--------------------------------------------

[Train] global_step=1201152
avg_episodic_return=-0.48106881976127625
max_episodic_return=-0.3974609971046448
avg_episodic_length=51.0

[Train] global_step=1227264
avg_episodic_return=-0.48115241527557373
max_episodic_return=-0.3974219262599945
avg_episodic_length=51.0

[Train] global_step=1253376
avg_episodic_return=-0.48547977209091187
max_episodic_return=-0.40281254053115845
avg_episodic_length=51.0

[Train] global_step=1279488
avg_episodic_return=-0.48363053798675537
max_episodic_return=-0.39984381198883057
avg_episodic_length=51.0

[Train] global_step=1305600
avg_episodic_return=-0.48879382014274597
max_episodic_return=-0.40601569414138794
avg_episodic_length=51.0

--------------------------------------------[test] episodic_return=-0.52
avg_episodic_return=-0.5528
max_episodic_return=-0.52
avg_episodic_length=51.0
tau=0.19152276295133436
rho=0.2834969908140639
--------------------------------------------

[Train] global_step=1331712
avg_episodic_return=-0.4903172552585602
max_episodic_return=-0.40613287687301636
avg_episodic_length=51.0

[Train] global_step=1357824
avg_episodic_return=-0.48277193307876587
max_episodic_return=-0.39847663044929504
avg_episodic_length=51.0

[Train] global_step=1383936
avg_episodic_return=-0.4899219274520874
max_episodic_return=-0.4071485102176666
avg_episodic_length=51.0

[Train] global_step=1410048
avg_episodic_return=-0.48324304819107056
max_episodic_return=-0.40070319175720215
avg_episodic_length=51.0

[Train] global_step=1436160
avg_episodic_return=-0.49110710620880127
max_episodic_return=-0.40812504291534424
avg_episodic_length=51.0

--------------------------------------------[test] episodic_return=-0.48000000000000015
avg_episodic_return=-0.5188000000000001
max_episodic_return=-0.48000000000000015
avg_episodic_length=51.0
tau=0.19780219780219774
rho=0.2927281777455994
--------------------------------------------

[Train] global_step=1462272
avg_episodic_return=-0.4951547384262085
max_episodic_return=-0.4119141399860382
avg_episodic_length=51.0

[Train] global_step=1488384
avg_episodic_return=-0.48708677291870117
max_episodic_return=-0.4037891626358032
avg_episodic_length=51.0

[Train] global_step=1514496
avg_episodic_return=-0.4918500781059265
max_episodic_return=-0.40671882033348083
avg_episodic_length=51.0

[Train] global_step=1540608
avg_episodic_return=-0.49232274293899536
max_episodic_return=-0.40953129529953003
avg_episodic_length=51.0

[Train] global_step=1566720
avg_episodic_return=-0.48550552129745483
max_episodic_return=-0.40292975306510925
avg_episodic_length=51.0

--------------------------------------------[test] episodic_return=-0.48000000000000015
avg_episodic_return=-0.5192000000000001
max_episodic_return=-0.48000000000000015
avg_episodic_length=51.0
tau=0.20408163265306117
rho=0.3041314086610254
--------------------------------------------

[Train] global_step=1592832
avg_episodic_return=-0.48877742886543274
max_episodic_return=-0.40503913164138794
avg_episodic_length=51.0

[Train] global_step=1618944
avg_episodic_return=-0.48648130893707275
max_episodic_return=-0.4024219512939453
avg_episodic_length=51.0

[Train] global_step=1645056
avg_episodic_return=-0.485208660364151
max_episodic_return=-0.40058600902557373
avg_episodic_length=51.0

[Train] global_step=1671168
avg_episodic_return=-0.485745370388031
max_episodic_return=-0.4014453887939453
avg_episodic_length=51.0

[Train] global_step=1697280
avg_episodic_return=-0.47816020250320435
max_episodic_return=-0.3944922685623169
avg_episodic_length=51.0

--------------------------------------------[test] episodic_return=-0.44000000000000017
avg_episodic_return=-0.4756000000000001
max_episodic_return=-0.44000000000000017
avg_episodic_length=51.0
tau=0.20879120879120872
rho=0.308656500294131
--------------------------------------------

[Train] global_step=1723392
avg_episodic_return=-0.47914618253707886
max_episodic_return=-0.3954297602176666
avg_episodic_length=51.0

[Train] global_step=1749504
avg_episodic_return=-0.4887336790561676
max_episodic_return=-0.40476569533348083
avg_episodic_length=51.0

[Train] global_step=1775616
avg_episodic_return=-0.47847819328308105
max_episodic_return=-0.3936719298362732
avg_episodic_length=51.0

[Train] global_step=1801728
avg_episodic_return=-0.48650240898132324
max_episodic_return=-0.40304696559906006
avg_episodic_length=51.0

