[Train] global_step=26112
avg_episodic_return=-0.5224820971488953
max_episodic_return=-0.43710944056510925
avg_episodic_length=51.0

[Train] global_step=52224
avg_episodic_return=-0.5221593976020813
max_episodic_return=-0.43515628576278687
avg_episodic_length=51.0

[Train] global_step=78336
avg_episodic_return=-0.5196938514709473
max_episodic_return=-0.4300782084465027
avg_episodic_length=51.0

--------------------------------------------[test] episodic_return=-0.52
avg_episodic_return=-0.5484000000000002
max_episodic_return=-0.52
avg_episodic_length=51.0
tau=-0.19780219780219782
rho=-0.258337481333997
--------------------------------------------

[Train] global_step=104448
avg_episodic_return=-0.5258219242095947
max_episodic_return=-0.43906256556510925
avg_episodic_length=51.0

[Train] global_step=130560
avg_episodic_return=-0.526161789894104
max_episodic_return=-0.43890631198883057
avg_episodic_length=51.0

[Train] global_step=156672
avg_episodic_return=-0.5253633260726929
max_episodic_return=-0.43785160779953003
avg_episodic_length=51.0

--------------------------------------------[test] episodic_return=-0.5800000000000003
avg_episodic_return=-0.5916000000000001
max_episodic_return=-0.5800000000000003
avg_episodic_length=51.0
tau=-0.30612244897959173
rho=-0.3986153219602696
--------------------------------------------

[Train] global_step=182784
avg_episodic_return=-0.5220571160316467
max_episodic_return=-0.434140682220459
avg_episodic_length=51.0

[Train] global_step=208896
avg_episodic_return=-0.5245984792709351
max_episodic_return=-0.4364844560623169
avg_episodic_length=51.0

[Train] global_step=235008
avg_episodic_return=-0.523246169090271
max_episodic_return=-0.4344141483306885
avg_episodic_length=51.0

--------------------------------------------[test] episodic_return=-0.5400000000000004
avg_episodic_return=-0.5572000000000001
max_episodic_return=-0.5400000000000004
avg_episodic_length=51.0
tau=-0.2511773940345368
rho=-0.3277523869858363
--------------------------------------------

[Train] global_step=261120
avg_episodic_return=-0.5236399173736572
max_episodic_return=-0.4354688227176666
avg_episodic_length=51.0

[Train] global_step=287232
avg_episodic_return=-0.5352789163589478
max_episodic_return=-0.44871100783348083
avg_episodic_length=51.0

[Train] global_step=313344
avg_episodic_return=-0.5410539507865906
max_episodic_return=-0.4529297351837158
avg_episodic_length=51.0

--------------------------------------------[test] episodic_return=-0.5000000000000001
avg_episodic_return=-0.5391999999999998
max_episodic_return=-0.5000000000000001
avg_episodic_length=51.0
tau=-0.10675039246467814
rho=-0.13815104755871305
--------------------------------------------

[Train] global_step=339456
avg_episodic_return=-0.5349617600440979
max_episodic_return=-0.44574224948883057
avg_episodic_length=51.0

[Train] global_step=365568
avg_episodic_return=-0.5347625613212585
max_episodic_return=-0.4461328685283661
avg_episodic_length=51.0

[Train] global_step=391680
avg_episodic_return=-0.535186767578125
max_episodic_return=-0.44589850306510925
avg_episodic_length=51.0

--------------------------------------------[test] episodic_return=-0.4800000000000002
avg_episodic_return=-0.4956
max_episodic_return=-0.4800000000000002
avg_episodic_length=51.0
tau=-0.03767660910518053
rho=-0.03832752613240417
--------------------------------------------

[Train] global_step=417792
avg_episodic_return=-0.5443992614746094
max_episodic_return=-0.45582038164138794
avg_episodic_length=51.0

[Train] global_step=443904
avg_episodic_return=-0.539260983467102
max_episodic_return=-0.4504688084125519
avg_episodic_length=51.0

[Train] global_step=470016
avg_episodic_return=-0.5380859971046448
max_episodic_return=-0.45066410303115845
avg_episodic_length=51.0

--------------------------------------------[test] episodic_return=-0.52
avg_episodic_return=-0.5348000000000003
max_episodic_return=-0.52
avg_episodic_length=51.0
tau=0.03296703296703296
rho=0.06927915290284628
--------------------------------------------

[Train] global_step=496128
avg_episodic_return=-0.534485936164856
max_episodic_return=-0.44589850306510925
avg_episodic_length=51.0

[Train] global_step=522240
avg_episodic_return=-0.5292602181434631
max_episodic_return=-0.43921881914138794
avg_episodic_length=51.0

[Train] global_step=548352
avg_episodic_return=-0.5366961359977722
max_episodic_return=-0.4487500786781311
avg_episodic_length=51.0

--------------------------------------------[test] episodic_return=-0.52
avg_episodic_return=-0.5496000000000001
max_episodic_return=-0.52
avg_episodic_length=51.0
tau=0.050235478806907354
rho=0.08946106158649715
--------------------------------------------

[Train] global_step=574464
avg_episodic_return=-0.5297367572784424
max_episodic_return=-0.44101569056510925
avg_episodic_length=51.0

[Train] global_step=600576
avg_episodic_return=-0.5372266173362732
max_episodic_return=-0.45046883821487427
avg_episodic_length=51.0

[Train] global_step=626688
avg_episodic_return=-0.5356508493423462
max_episodic_return=-0.4463672339916229
avg_episodic_length=51.0

--------------------------------------------[test] episodic_return=-0.4800000000000002
avg_episodic_return=-0.4987999999999999
max_episodic_return=-0.4800000000000002
avg_episodic_length=51.0
tau=0.03296703296703296
rho=0.06031947146929724
--------------------------------------------

[Train] global_step=652800
avg_episodic_return=-0.5362141132354736
max_episodic_return=-0.4489063024520874
avg_episodic_length=51.0

[Train] global_step=678912
avg_episodic_return=-0.5367469191551208
max_episodic_return=-0.44843757152557373
avg_episodic_length=51.0

[Train] global_step=705024
avg_episodic_return=-0.5350164771080017
max_episodic_return=-0.4461328387260437
avg_episodic_length=51.0

--------------------------------------------[test] episodic_return=-0.5400000000000004
avg_episodic_return=-0.5668000000000003
max_episodic_return=-0.5400000000000004
avg_episodic_length=51.0
tau=0.014128728414442694
rho=0.04086157744694328
--------------------------------------------

[Train] global_step=731136
avg_episodic_return=-0.5351875424385071
max_episodic_return=-0.4476563334465027
avg_episodic_length=51.0

[Train] global_step=757248
avg_episodic_return=-0.5367953777313232
max_episodic_return=-0.4494531750679016
avg_episodic_length=51.0

[Train] global_step=783360
avg_episodic_return=-0.5361047387123108
max_episodic_return=-0.447812557220459
avg_episodic_length=51.0

--------------------------------------------[test] episodic_return=-0.4800000000000002
avg_episodic_return=-0.5112000000000002
max_episodic_return=-0.4800000000000002
avg_episodic_length=51.0
tau=0.017268445839874406
rho=0.037965518801755735
--------------------------------------------

[Train] global_step=809472
avg_episodic_return=-0.5348352193832397
max_episodic_return=-0.44605475664138794
avg_episodic_length=51.0

[Train] global_step=835584
avg_episodic_return=-0.5344727039337158
max_episodic_return=-0.4467969536781311
avg_episodic_length=51.0

[Train] global_step=861696
avg_episodic_return=-0.5380266308784485
max_episodic_return=-0.4492188096046448
avg_episodic_length=51.0

--------------------------------------------[test] episodic_return=-0.4800000000000002
avg_episodic_return=-0.5204000000000002
max_episodic_return=-0.4800000000000002
avg_episodic_length=51.0
tau=0.03767660910518053
rho=0.060047965971310915
--------------------------------------------

[Train] global_step=887808
avg_episodic_return=-0.5316914916038513
max_episodic_return=-0.44187504053115845
avg_episodic_length=51.0

[Train] global_step=913920
avg_episodic_return=-0.536456286907196
max_episodic_return=-0.44730475544929504
avg_episodic_length=51.0

[Train] global_step=940032
avg_episodic_return=-0.529636025428772
max_episodic_return=-0.4414844512939453
avg_episodic_length=51.0

--------------------------------------------[test] episodic_return=-0.5000000000000001
avg_episodic_return=-0.5424000000000002
max_episodic_return=-0.5000000000000001
avg_episodic_length=51.0
tau=0.02354788069073784
rho=0.04792072039458797
--------------------------------------------

[Train] global_step=966144
avg_episodic_return=-0.5358757972717285
max_episodic_return=-0.4482422471046448
avg_episodic_length=51.0

[Train] global_step=992256
avg_episodic_return=-0.5359148979187012
max_episodic_return=-0.4475391209125519
avg_episodic_length=51.0

[Train] global_step=1018368
avg_episodic_return=-0.5381312966346741
max_episodic_return=-0.45062506198883057
avg_episodic_length=51.0

--------------------------------------------[test] episodic_return=-0.44
avg_episodic_return=-0.47400000000000014
max_episodic_return=-0.44
avg_episodic_length=51.0
tau=0.004709576138147566
rho=0.018507624779401783
--------------------------------------------

[Train] global_step=1044480
avg_episodic_return=-0.5363882780075073
max_episodic_return=-0.44964849948883057
avg_episodic_length=51.0

[Train] global_step=1070592
avg_episodic_return=-0.531182050704956
max_episodic_return=-0.4430469274520874
avg_episodic_length=51.0

[Train] global_step=1096704
avg_episodic_return=-0.5310039520263672
max_episodic_return=-0.44101569056510925
avg_episodic_length=51.0

--------------------------------------------[test] episodic_return=-0.4800000000000002
avg_episodic_return=-0.5231999999999999
max_episodic_return=-0.4800000000000002
avg_episodic_length=51.0
tau=-0.0015698587127158548
rho=0.007918910357934746
--------------------------------------------

[Train] global_step=1122816
avg_episodic_return=-0.5336289405822754
max_episodic_return=-0.445859432220459
avg_episodic_length=51.0

[Train] global_step=1148928
avg_episodic_return=-0.5294742584228516
max_episodic_return=-0.44074225425720215
avg_episodic_length=51.0

[Train] global_step=1175040
avg_episodic_return=-0.5252351760864258
max_episodic_return=-0.43738287687301636
avg_episodic_length=51.0

--------------------------------------------[test] episodic_return=-0.5000000000000001
avg_episodic_return=-0.5456000000000002
max_episodic_return=-0.5000000000000001
avg_episodic_length=51.0
tau=-0.018838304552590265
rho=-0.01633558079551111
--------------------------------------------

[Train] global_step=1201152
avg_episodic_return=-0.5226250886917114
max_episodic_return=-0.43406257033348083
avg_episodic_length=51.0

[Train] global_step=1227264
avg_episodic_return=-0.525937557220459
max_episodic_return=-0.43824225664138794
avg_episodic_length=51.0

[Train] global_step=1253376
avg_episodic_return=-0.5242313146591187
max_episodic_return=-0.43742191791534424
avg_episodic_length=51.0

--------------------------------------------[test] episodic_return=-0.4800000000000002
avg_episodic_return=-0.5640000000000002
max_episodic_return=-0.4800000000000002
avg_episodic_length=51.0
tau=-0.03453689167974881
rho=-0.03316892167066384
--------------------------------------------

[Train] global_step=1279488
avg_episodic_return=-0.5207281708717346
max_episodic_return=-0.4337109923362732
avg_episodic_length=51.0

[Train] global_step=1305600
avg_episodic_return=-0.5183523893356323
max_episodic_return=-0.4323047399520874
avg_episodic_length=51.0

[Train] global_step=1331712
avg_episodic_return=-0.515850841999054
max_episodic_return=-0.43011724948883057
avg_episodic_length=51.0

--------------------------------------------[test] episodic_return=-0.4800000000000002
avg_episodic_return=-0.538
max_episodic_return=-0.4800000000000002
avg_episodic_length=51.0
tau=-0.0313971742543171
rho=-0.030272863025476267
--------------------------------------------

[Train] global_step=1357824
avg_episodic_return=-0.5144602060317993
max_episodic_return=-0.42609381675720215
avg_episodic_length=51.0

[Train] global_step=1383936
avg_episodic_return=-0.5161070823669434
max_episodic_return=-0.43027347326278687
avg_episodic_length=51.0

[Train] global_step=1410048
avg_episodic_return=-0.5103312730789185
max_episodic_return=-0.42386728525161743
avg_episodic_length=51.0

--------------------------------------------[test] episodic_return=-0.46000000000000024
avg_episodic_return=-0.5000000000000001
max_episodic_return=-0.46000000000000024
avg_episodic_length=51.0
tau=-0.04709576138147568
rho=-0.053893841350287346
--------------------------------------------

[Train] global_step=1436160
avg_episodic_return=-0.5095813274383545
max_episodic_return=-0.42515629529953003
avg_episodic_length=51.0

[Train] global_step=1462272
avg_episodic_return=-0.5100234746932983
max_episodic_return=-0.4257422685623169
avg_episodic_length=51.0

[Train] global_step=1488384
avg_episodic_return=-0.503186821937561
max_episodic_return=-0.4208203852176666
avg_episodic_length=51.0

--------------------------------------------[test] episodic_return=-0.4800000000000002
avg_episodic_return=-0.5359999999999999
max_episodic_return=-0.4800000000000002
avg_episodic_length=51.0
tau=-0.07849293563579275
rho=-0.09588669170550708
--------------------------------------------

[Train] global_step=1514496
avg_episodic_return=-0.5021860003471375
max_episodic_return=-0.4194532036781311
avg_episodic_length=51.0

[Train] global_step=1540608
avg_episodic_return=-0.49886104464530945
max_episodic_return=-0.41730475425720215
avg_episodic_length=51.0

[Train] global_step=1566720
avg_episodic_return=-0.4940524101257324
max_episodic_return=-0.4127344489097595
avg_episodic_length=51.0

--------------------------------------------[test] episodic_return=-0.5000000000000001
avg_episodic_return=-0.5256000000000002
max_episodic_return=-0.5000000000000001
avg_episodic_length=51.0
tau=-0.0455259026687598
rho=-0.05027376804380287
--------------------------------------------

[Train] global_step=1592832
avg_episodic_return=-0.492750883102417
max_episodic_return=-0.41253912448883057
avg_episodic_length=51.0

[Train] global_step=1618944
avg_episodic_return=-0.4887680411338806
max_episodic_return=-0.40992194414138794
avg_episodic_length=51.0

[Train] global_step=1645056
avg_episodic_return=-0.48720866441726685
max_episodic_return=-0.407461017370224
avg_episodic_length=51.0

--------------------------------------------[test] episodic_return=-0.4800000000000002
avg_episodic_return=-0.5128000000000001
max_episodic_return=-0.4800000000000002
avg_episodic_length=51.0
tau=-0.0737833594976452
rho=-0.09063758541110457
--------------------------------------------

[Train] global_step=1671168
avg_episodic_return=-0.48473912477493286
max_episodic_return=-0.4059375524520874
avg_episodic_length=51.0

[Train] global_step=1697280
avg_episodic_return=-0.4817758798599243
max_episodic_return=-0.401914119720459
avg_episodic_length=51.0

[Train] global_step=1723392
avg_episodic_return=-0.4749297797679901
max_episodic_return=-0.39582037925720215
avg_episodic_length=51.0

--------------------------------------------[test] episodic_return=-0.46000000000000024
avg_episodic_return=-0.4987999999999999
max_episodic_return=-0.46000000000000024
avg_episodic_length=51.0
tau=-0.06593406593406592
rho=-0.08167790397755553
--------------------------------------------

[Train] global_step=1749504
avg_episodic_return=-0.4782649278640747
max_episodic_return=-0.40207040309906006
avg_episodic_length=51.0

[Train] global_step=1775616
avg_episodic_return=-0.4758039712905884
max_episodic_return=-0.39902350306510925
avg_episodic_length=51.0

[Train] global_step=1801728
avg_episodic_return=-0.4778633713722229
max_episodic_return=-0.4000781774520874
avg_episodic_length=51.0

--------------------------------------------[test] episodic_return=-0.44
avg_episodic_return=-0.5016
max_episodic_return=-0.44
avg_episodic_length=51.0
tau=-0.07849293563579275
rho=-0.09471016788089955
--------------------------------------------

[Train] global_step=1827840
avg_episodic_return=-0.47807037830352783
max_episodic_return=-0.3983985185623169
avg_episodic_length=51.0

[Train] global_step=1853952
avg_episodic_return=-0.4716368019580841
max_episodic_return=-0.3961719572544098
avg_episodic_length=51.0

[Train] global_step=1880064
avg_episodic_return=-0.4693750739097595
max_episodic_return=-0.39234381914138794
avg_episodic_length=51.0

--------------------------------------------[test] episodic_return=-0.42000000000000004
avg_episodic_return=-0.49200000000000027
max_episodic_return=-0.42000000000000004
avg_episodic_length=51.0
tau=-0.09419152276295135
rho=-0.11516358206253675
--------------------------------------------

[Train] global_step=1906176
avg_episodic_return=-0.46830710768699646
max_episodic_return=-0.39132818579673767
avg_episodic_length=51.0

[Train] global_step=1932288
avg_episodic_return=-0.4705563187599182
max_episodic_return=-0.3930860161781311
avg_episodic_length=51.0

[Train] global_step=1958400
avg_episodic_return=-0.47232821583747864
max_episodic_return=-0.39734384417533875
avg_episodic_length=51.0

--------------------------------------------[test] episodic_return=-0.42000000000000004
avg_episodic_return=-0.45800000000000013
max_episodic_return=-0.42000000000000004
avg_episodic_length=51.0
tau=-0.10361067503924645
rho=-0.12267523417349196
--------------------------------------------

[Train] global_step=1984512
avg_episodic_return=-0.4674719572067261
max_episodic_return=-0.39203131198883057
avg_episodic_length=51.0

[Train] global_step=2010624
avg_episodic_return=-0.4696797728538513
max_episodic_return=-0.3942188024520874
avg_episodic_length=51.0

[Train] global_step=2036736
avg_episodic_return=-0.467505544424057
max_episodic_return=-0.3929297626018524
avg_episodic_length=51.0

--------------------------------------------[test] episodic_return=-0.38000000000000017
avg_episodic_return=-0.4408
max_episodic_return=-0.38000000000000017
avg_episodic_length=51.0
tau=-0.10989010989010989
rho=-0.146205710665641
--------------------------------------------

[Train] global_step=2062848
avg_episodic_return=-0.4650195837020874
max_episodic_return=-0.3925391435623169
avg_episodic_length=51.0

[Train] global_step=2088960
avg_episodic_return=-0.46154069900512695
max_episodic_return=-0.38785165548324585
avg_episodic_length=51.0

[Train] global_step=2115072
avg_episodic_return=-0.4560157060623169
max_episodic_return=-0.383046954870224
avg_episodic_length=51.0

--------------------------------------------[test] episodic_return=-0.38000000000000017
avg_episodic_return=-0.4212000000000002
max_episodic_return=-0.38000000000000017
avg_episodic_length=51.0
tau=-0.08791208791208792
rho=-0.11634010588714418
--------------------------------------------

[Train] global_step=2141184
avg_episodic_return=-0.4487289786338806
max_episodic_return=-0.3759766221046448
avg_episodic_length=51.0

[Train] global_step=2167296
avg_episodic_return=-0.4481750726699829
max_episodic_return=-0.3783985376358032
avg_episodic_length=51.0

[Train] global_step=2193408
avg_episodic_return=-0.4497711658477783
max_episodic_return=-0.3775781989097595
avg_episodic_length=51.0

--------------------------------------------[test] episodic_return=-0.38000000000000017
avg_episodic_return=-0.40879999999999994
max_episodic_return=-0.38000000000000017
avg_episodic_length=51.0
tau=-0.10361067503924645
rho=-0.14475768134304717
--------------------------------------------

[Train] global_step=2219520
avg_episodic_return=-0.45371490716934204
max_episodic_return=-0.3837500512599945
avg_episodic_length=51.0

[Train] global_step=2245632
avg_episodic_return=-0.43995553255081177
max_episodic_return=-0.3692578673362732
avg_episodic_length=51.0

[Train] global_step=2271744
avg_episodic_return=-0.440022736787796
max_episodic_return=-0.3714844584465027
avg_episodic_length=51.0

--------------------------------------------[test] episodic_return=-0.40000000000000013
avg_episodic_return=-0.4408
max_episodic_return=-0.40000000000000013
avg_episodic_length=51.0
tau=-0.08320251177394038
rho=-0.10683741345762249
--------------------------------------------

[Train] global_step=2297856
avg_episodic_return=-0.4373266100883484
max_episodic_return=-0.36761724948883057
avg_episodic_length=51.0

[Train] global_step=2323968
avg_episodic_return=-0.4362516403198242
max_episodic_return=-0.36679691076278687
avg_episodic_length=51.0

[Train] global_step=2350080
avg_episodic_return=-0.4359227418899536
max_episodic_return=-0.3675782084465027
avg_episodic_length=51.0

--------------------------------------------[test] episodic_return=-0.38000000000000017
avg_episodic_return=-0.4376
max_episodic_return=-0.38000000000000017
avg_episodic_length=51.0
tau=-0.0910518053375196
rho=-0.11634010588714418
--------------------------------------------

[Train] global_step=2376192
avg_episodic_return=-0.43412819504737854
max_episodic_return=-0.36832040548324585
avg_episodic_length=51.0

[Train] global_step=2402304
avg_episodic_return=-0.4290641248226166
max_episodic_return=-0.3596094250679016
avg_episodic_length=51.0

[Train] global_step=2428416
avg_episodic_return=-0.4261360168457031
max_episodic_return=-0.3567187786102295
avg_episodic_length=51.0

--------------------------------------------[test] episodic_return=-0.38000000000000017
avg_episodic_return=-0.4328000000000002
max_episodic_return=-0.38000000000000017
avg_episodic_length=51.0
tau=-0.08634222919937204
rho=-0.11181501425403868
--------------------------------------------

[Train] global_step=2454528
avg_episodic_return=-0.4277477264404297
max_episodic_return=-0.35984379053115845
avg_episodic_length=51.0

[Train] global_step=2480640
avg_episodic_return=-0.4208188056945801
max_episodic_return=-0.35441410541534424
avg_episodic_length=51.0

[Train] global_step=2506752
avg_episodic_return=-0.42114537954330444
max_episodic_return=-0.3536328673362732
avg_episodic_length=51.0

--------------------------------------------[test] episodic_return=-0.33999999999999997
avg_episodic_return=-0.41360000000000025
max_episodic_return=-0.33999999999999997
avg_episodic_length=51.0
tau=-0.05808477237048666
rho=-0.0700031675641432
--------------------------------------------

[Train] global_step=2532864
avg_episodic_return=-0.41795241832733154
max_episodic_return=-0.35144537687301636
avg_episodic_length=51.0

[Train] global_step=2558976
avg_episodic_return=-0.41842585802078247
max_episodic_return=-0.3512110114097595
avg_episodic_length=51.0

[Train] global_step=2585088
avg_episodic_return=-0.41270628571510315
max_episodic_return=-0.3468359708786011
avg_episodic_length=51.0

--------------------------------------------[test] episodic_return=-0.35999999999999993
avg_episodic_return=-0.4044000000000002
max_episodic_return=-0.35999999999999993
avg_episodic_length=51.0
tau=-0.04709576138147568
rho=-0.05642789266482648
--------------------------------------------

[Train] global_step=2611200
avg_episodic_return=-0.41550397872924805
max_episodic_return=-0.34996098279953003
avg_episodic_length=51.0

[Train] global_step=2637312
avg_episodic_return=-0.40971803665161133
max_episodic_return=-0.3451562821865082
avg_episodic_length=51.0

[Train] global_step=2663424
avg_episodic_return=-0.4089266061782837
max_episodic_return=-0.3446875214576721
avg_episodic_length=51.0

--------------------------------------------[test] episodic_return=-0.32000000000000006
avg_episodic_return=-0.3812
max_episodic_return=-0.32000000000000006
avg_episodic_length=51.0
tau=-0.01569858712715855
rho=-0.018055115616091227
--------------------------------------------

[Train] global_step=2689536
avg_episodic_return=-0.4070484936237335
max_episodic_return=-0.3424609899520874
avg_episodic_length=51.0

[Train] global_step=2715648
avg_episodic_return=-0.4083906412124634
max_episodic_return=-0.34140628576278687
avg_episodic_length=51.0

[Train] global_step=2741760
avg_episodic_return=-0.40590551495552063
max_episodic_return=-0.3421875238418579
avg_episodic_length=51.0

--------------------------------------------[test] episodic_return=-0.32000000000000006
avg_episodic_return=-0.3707999999999998
max_episodic_return=-0.32000000000000006
avg_episodic_length=51.0
tau=-0.01569858712715855
rho=-0.01579256979953845
--------------------------------------------

[Train] global_step=2767872
avg_episodic_return=-0.40308678150177
max_episodic_return=-0.3403516113758087
avg_episodic_length=51.0

[Train] global_step=2793984
avg_episodic_return=-0.3963102102279663
max_episodic_return=-0.33304691314697266
avg_episodic_length=51.0

[Train] global_step=2820096
avg_episodic_return=-0.3934398889541626
max_episodic_return=-0.3322656750679016
avg_episodic_length=51.0

--------------------------------------------[test] episodic_return=-0.33999999999999997
avg_episodic_return=-0.388
max_episodic_return=-0.33999999999999997
avg_episodic_length=51.0
tau=0.020408163265306124
rho=0.0360649803158514
--------------------------------------------

[Train] global_step=2846208
avg_episodic_return=-0.38993361592292786
max_episodic_return=-0.3258984684944153
avg_episodic_length=51.0

[Train] global_step=2872320
avg_episodic_return=-0.39112424850463867
max_episodic_return=-0.3293750286102295
avg_episodic_length=51.0

[Train] global_step=2898432
avg_episodic_return=-0.3950195908546448
max_episodic_return=-0.33210939168930054
avg_episodic_length=51.0

--------------------------------------------[test] episodic_return=-0.33999999999999997
avg_episodic_return=-0.4032
max_episodic_return=-0.33999999999999997
avg_episodic_length=51.0
tau=0.04238618524332808
rho=0.07335173537264131
--------------------------------------------

[Train] global_step=2924544
avg_episodic_return=-0.3928234875202179
max_episodic_return=-0.33097660541534424
avg_episodic_length=51.0

[Train] global_step=2950656
avg_episodic_return=-0.385571151971817
max_episodic_return=-0.3232031464576721
avg_episodic_length=51.0

[Train] global_step=2976768
avg_episodic_return=-0.3852773904800415
max_episodic_return=-0.32328128814697266
avg_episodic_length=51.0

--------------------------------------------[test] episodic_return=-0.33999999999999997
avg_episodic_return=-0.37560000000000016
max_episodic_return=-0.33999999999999997
avg_episodic_length=51.0
tau=0.04238618524332808
rho=0.06556857776369969
--------------------------------------------

[Train] global_step=3002880
avg_episodic_return=-0.39256173372268677
max_episodic_return=-0.33000004291534424
avg_episodic_length=51.0

[Train] global_step=3028992
avg_episodic_return=-0.3831586241722107
max_episodic_return=-0.31984376907348633
avg_episodic_length=51.0

[Train] global_step=3055104
avg_episodic_return=-0.38974690437316895
max_episodic_return=-0.32859376072883606
avg_episodic_length=51.0

--------------------------------------------[test] episodic_return=-0.32000000000000006
avg_episodic_return=-0.35960000000000014
max_episodic_return=-0.32000000000000006
avg_episodic_length=51.0
tau=0.09733124018838303
rho=0.13751753473007827
--------------------------------------------

[Train] global_step=3081216
avg_episodic_return=-0.38485628366470337
max_episodic_return=-0.32359379529953003
avg_episodic_length=51.0

[Train] global_step=3107328
avg_episodic_return=-0.38193756341934204
max_episodic_return=-0.31910157203674316
avg_episodic_length=51.0

[Train] global_step=3133440
avg_episodic_return=-0.3834906816482544
max_episodic_return=-0.32164064049720764
avg_episodic_length=51.0

--------------------------------------------[test] episodic_return=-0.30000000000000004
avg_episodic_return=-0.3504000000000001
max_episodic_return=-0.30000000000000004
avg_episodic_length=51.0
tau=0.06907378335949763
rho=0.1034888456491244
--------------------------------------------

[Train] global_step=3159552
avg_episodic_return=-0.38179612159729004
max_episodic_return=-0.32285159826278687
avg_episodic_length=51.0

[Train] global_step=3185664
avg_episodic_return=-0.381803959608078
max_episodic_return=-0.31898438930511475
avg_episodic_length=51.0

[Train] global_step=3211776
avg_episodic_return=-0.38721176981925964
max_episodic_return=-0.3262890875339508
avg_episodic_length=51.0

--------------------------------------------[test] episodic_return=-0.32000000000000006
avg_episodic_return=-0.36200000000000004
max_episodic_return=-0.32000000000000006
avg_episodic_length=51.0
tau=0.07535321821036106
rho=0.10376035114711074
--------------------------------------------

[Train] global_step=3237888
avg_episodic_return=-0.38531017303466797
max_episodic_return=-0.3244922161102295
avg_episodic_length=51.0

[Train] global_step=3264000
avg_episodic_return=-0.3783687949180603
max_episodic_return=-0.31785157322883606
avg_episodic_length=51.0

[Train] global_step=3290112
avg_episodic_return=-0.3790234923362732
max_episodic_return=-0.3178125321865082
avg_episodic_length=51.0

--------------------------------------------[test] episodic_return=-0.33999999999999997
avg_episodic_return=-0.38680000000000025
max_episodic_return=-0.33999999999999997
avg_episodic_length=51.0
tau=0.07064364207221348
rho=0.10176931082854426
--------------------------------------------

[Train] global_step=3316224
avg_episodic_return=-0.376285195350647
max_episodic_return=-0.3141797184944153
avg_episodic_length=51.0

[Train] global_step=3342336
avg_episodic_return=-0.3801070749759674
max_episodic_return=-0.3176172077655792
avg_episodic_length=51.0

[Train] global_step=3368448
avg_episodic_return=-0.3869016170501709
max_episodic_return=-0.32539063692092896
avg_episodic_length=51.0

--------------------------------------------[test] episodic_return=-0.32000000000000006
avg_episodic_return=-0.37519999999999987
max_episodic_return=-0.32000000000000006
avg_episodic_length=51.0
tau=0.04081632653061225
rho=0.06466355943707859
--------------------------------------------

[Train] global_step=3394560
avg_episodic_return=-0.38229691982269287
max_episodic_return=-0.31984376907348633
avg_episodic_length=51.0

[Train] global_step=3420672
avg_episodic_return=-0.3817109763622284
max_episodic_return=-0.3216797113418579
avg_episodic_length=51.0

[Train] global_step=3446784
avg_episodic_return=-0.37772035598754883
max_episodic_return=-0.31882813572883606
avg_episodic_length=51.0

--------------------------------------------[test] episodic_return=-0.33999999999999997
avg_episodic_return=-0.3716000000000002
max_episodic_return=-0.33999999999999997
avg_episodic_length=51.0
tau=0.06750392464678176
rho=0.09986877234263992
--------------------------------------------

[Train] global_step=3472896
avg_episodic_return=-0.37568676471710205
max_episodic_return=-0.31449222564697266
avg_episodic_length=51.0

[Train] global_step=3499008
avg_episodic_return=-0.384404718875885
max_episodic_return=-0.3240625262260437
avg_episodic_length=51.0

[Train] global_step=3525120
avg_episodic_return=-0.37603050470352173
max_episodic_return=-0.3151171803474426
avg_episodic_length=51.0

--------------------------------------------[test] episodic_return=-0.33999999999999997
avg_episodic_return=-0.37359999999999993
max_episodic_return=-0.33999999999999997
avg_episodic_length=51.0
tau=0.06593406593406592
rho=0.09633920086881756
--------------------------------------------

[Train] global_step=3551232
avg_episodic_return=-0.38213127851486206
max_episodic_return=-0.322265625
avg_episodic_length=51.0

[Train] global_step=3577344
avg_episodic_return=-0.3691859841346741
max_episodic_return=-0.30933594703674316
avg_episodic_length=51.0

[Train] global_step=3603456
avg_episodic_return=-0.37463051080703735
max_episodic_return=-0.3138672113418579
avg_episodic_length=51.0

--------------------------------------------[test] episodic_return=-0.33999999999999997
avg_episodic_return=-0.3672000000000002
max_episodic_return=-0.33999999999999997
avg_episodic_length=51.0
tau=0.07692307692307693
rho=0.10810443911489204
--------------------------------------------

[Train] global_step=3629568
avg_episodic_return=-0.36944299936294556
max_episodic_return=-0.31035158038139343
avg_episodic_length=51.0

[Train] global_step=3655680
avg_episodic_return=-0.37316644191741943
max_episodic_return=-0.3144140839576721
avg_episodic_length=51.0

[Train] global_step=3681792
avg_episodic_return=-0.36854690313339233
max_episodic_return=-0.3089062571525574
avg_episodic_length=51.0

--------------------------------------------[test] episodic_return=-0.32000000000000006
avg_episodic_return=-0.3636
max_episodic_return=-0.32000000000000006
avg_episodic_length=51.0
tau=0.09733124018838303
rho=0.12665731481062492
--------------------------------------------

[Train] global_step=3707904
avg_episodic_return=-0.3662875294685364
max_episodic_return=-0.3063672184944153
avg_episodic_length=51.0

[Train] global_step=3734016
avg_episodic_return=-0.3684859573841095
max_episodic_return=-0.3083203434944153
avg_episodic_length=51.0

[Train] global_step=3760128
avg_episodic_return=-0.3704156279563904
max_episodic_return=-0.3100000023841858
avg_episodic_length=51.0

--------------------------------------------[test] episodic_return=-0.32000000000000006
avg_episodic_return=-0.3640000000000001
max_episodic_return=-0.32000000000000006
avg_episodic_length=51.0
tau=0.06593406593406592
rho=0.09235712023168471
--------------------------------------------

[Train] global_step=3786240
avg_episodic_return=-0.36412423849105835
max_episodic_return=-0.30222660303115845
avg_episodic_length=51.0

[Train] global_step=3812352
avg_episodic_return=-0.369282066822052
max_episodic_return=-0.3077344000339508
avg_episodic_length=51.0

[Train] global_step=3838464
avg_episodic_return=-0.36617428064346313
max_episodic_return=-0.30476564168930054
avg_episodic_length=51.0

--------------------------------------------[test] episodic_return=-0.30000000000000004
avg_episodic_return=-0.35679999999999995
max_episodic_return=-0.30000000000000004
avg_episodic_length=51.0
tau=0.0627943485086342
rho=0.09443866238291325
--------------------------------------------

[Train] global_step=3864576
avg_episodic_return=-0.36376646161079407
max_episodic_return=-0.30445313453674316
avg_episodic_length=51.0

[Train] global_step=3890688
avg_episodic_return=-0.37364375591278076
max_episodic_return=-0.3153125047683716
avg_episodic_length=51.0

[Train] global_step=3916800
avg_episodic_return=-0.36816489696502686
max_episodic_return=-0.309257835149765
avg_episodic_length=51.0

--------------------------------------------[test] episodic_return=-0.30000000000000004
avg_episodic_return=-0.3656000000000001
max_episodic_return=-0.30000000000000004
avg_episodic_length=51.0
tau=0.07221350078492934
rho=0.10176931082854426
--------------------------------------------

[Train] global_step=3942912
avg_episodic_return=-0.35877031087875366
max_episodic_return=-0.29917970299720764
avg_episodic_length=51.0

[Train] global_step=3969024
avg_episodic_return=-0.3697977066040039
max_episodic_return=-0.31046876311302185
avg_episodic_length=51.0

[Train] global_step=3995136
avg_episodic_return=-0.3592711091041565
max_episodic_return=-0.2987109422683716
avg_episodic_length=51.0

--------------------------------------------[test] episodic_return=-0.30000000000000004
avg_episodic_return=-0.3572000000000001
max_episodic_return=-0.30000000000000004
avg_episodic_length=51.0
tau=0.08791208791208792
rho=0.11950767003031808
--------------------------------------------

[Train] global_step=4021248
avg_episodic_return=-0.3675305247306824
max_episodic_return=-0.30757811665534973
avg_episodic_length=51.0

[Train] global_step=4047360
avg_episodic_return=-0.36314064264297485
max_episodic_return=-0.30527347326278687
avg_episodic_length=51.0

[Train] global_step=4073472
avg_episodic_return=-0.3568875193595886
max_episodic_return=-0.2960546910762787
avg_episodic_length=51.0

--------------------------------------------[test] episodic_return=-0.30000000000000004
avg_episodic_return=-0.3547999999999998
max_episodic_return=-0.30000000000000004
avg_episodic_length=51.0
tau=0.05808477237048666
rho=0.07561428118919405
--------------------------------------------

[Train] global_step=4099584
avg_episodic_return=-0.365821897983551
max_episodic_return=-0.3070312738418579
avg_episodic_length=51.0

[Train] global_step=4125696
avg_episodic_return=-0.36949771642684937
max_episodic_return=-0.31031250953674316
avg_episodic_length=51.0

[Train] global_step=4151808
avg_episodic_return=-0.36021876335144043
max_episodic_return=-0.30152344703674316
avg_episodic_length=51.0

--------------------------------------------[test] episodic_return=-0.30000000000000004
avg_episodic_return=-0.35720000000000013
max_episodic_return=-0.30000000000000004
avg_episodic_length=51.0
tau=0.12244897959183675
rho=0.1554368975971763
--------------------------------------------

[Train] global_step=4177920
avg_episodic_return=-0.36160317063331604
max_episodic_return=-0.301445335149765
avg_episodic_length=51.0

[Train] global_step=4204032
avg_episodic_return=-0.35921722650527954
max_episodic_return=-0.3001953363418579
avg_episodic_length=51.0

[Train] global_step=4230144
avg_episodic_return=-0.3618429899215698
max_episodic_return=-0.3023437261581421
avg_episodic_length=51.0

--------------------------------------------[test] episodic_return=-0.32000000000000006
avg_episodic_return=-0.36040000000000005
max_episodic_return=-0.32000000000000006
avg_episodic_length=51.0
tau=0.12401883830455254
rho=0.1564324177564595
--------------------------------------------

[Train] global_step=4256256
avg_episodic_return=-0.35958755016326904
max_episodic_return=-0.30101561546325684
avg_episodic_length=51.0

[Train] global_step=4282368
avg_episodic_return=-0.3581945598125458
max_episodic_return=-0.3001171946525574
avg_episodic_length=51.0

[Train] global_step=4308480
avg_episodic_return=-0.359502375125885
max_episodic_return=-0.3007422089576721
avg_episodic_length=51.0

--------------------------------------------[test] episodic_return=-0.32000000000000006
avg_episodic_return=-0.36159999999999987
max_episodic_return=-0.32000000000000006
avg_episodic_length=51.0
tau=0.1177394034536891
rho=0.14720123082492426
--------------------------------------------

[Train] global_step=4334592
avg_episodic_return=-0.35006409883499146
max_episodic_return=-0.29277342557907104
avg_episodic_length=51.0

[Train] global_step=4360704
avg_episodic_return=-0.35844457149505615
max_episodic_return=-0.30101561546325684
avg_episodic_length=51.0

[Train] global_step=4386816
avg_episodic_return=-0.3512406349182129
max_episodic_return=-0.293632835149765
avg_episodic_length=51.0

--------------------------------------------[test] episodic_return=-0.30000000000000004
avg_episodic_return=-0.35280000000000006
max_episodic_return=-0.30000000000000004
avg_episodic_length=51.0
tau=0.10989010989010989
rho=0.13634101090547088
--------------------------------------------

[Train] global_step=4412928
avg_episodic_return=-0.3486765921115875
max_episodic_return=-0.29011720418930054
avg_episodic_length=51.0

[Train] global_step=4439040
avg_episodic_return=-0.351863294839859
max_episodic_return=-0.29195311665534973
avg_episodic_length=51.0

[Train] global_step=4465152
avg_episodic_return=-0.3456226587295532
max_episodic_return=-0.2872656583786011
avg_episodic_length=51.0

--------------------------------------------[test] episodic_return=-0.32000000000000006
avg_episodic_return=-0.3575999999999999
max_episodic_return=-0.32000000000000006
avg_episodic_length=51.0
tau=0.1177394034536891
rho=0.14783474365355903
--------------------------------------------

[Train] global_step=4491264
avg_episodic_return=-0.3552398681640625
max_episodic_return=-0.2967187762260437
avg_episodic_length=51.0

[Train] global_step=4517376
avg_episodic_return=-0.34955859184265137
max_episodic_return=-0.29023438692092896
avg_episodic_length=51.0

[Train] global_step=4543488
avg_episodic_return=-0.35563045740127563
max_episodic_return=-0.29707032442092896
avg_episodic_length=51.0

--------------------------------------------[test] episodic_return=-0.32000000000000006
avg_episodic_return=-0.3667999999999999
max_episodic_return=-0.32000000000000006
avg_episodic_length=51.0
tau=0.1177394034536891
rho=0.14783474365355903
--------------------------------------------

[Train] global_step=4569600
avg_episodic_return=-0.3550078272819519
max_episodic_return=-0.2981250286102295
avg_episodic_length=51.0

[Train] global_step=4595712
avg_episodic_return=-0.3570437729358673
max_episodic_return=-0.2990625202655792
avg_episodic_length=51.0

[Train] global_step=4621824
avg_episodic_return=-0.3579195737838745
max_episodic_return=-0.29933595657348633
avg_episodic_length=51.0

--------------------------------------------[test] episodic_return=-0.33999999999999997
avg_episodic_return=-0.39000000000000007
max_episodic_return=-0.33999999999999997
avg_episodic_length=51.0
tau=0.06593406593406592
rho=0.08357844246345986
--------------------------------------------

[Train] global_step=4647936
avg_episodic_return=-0.35380858182907104
max_episodic_return=-0.29765626788139343
avg_episodic_length=51.0

[Train] global_step=4674048
avg_episodic_return=-0.3550914525985718
max_episodic_return=-0.2981250286102295
avg_episodic_length=51.0

[Train] global_step=4700160
avg_episodic_return=-0.3541242480278015
max_episodic_return=-0.29878905415534973
avg_episodic_length=51.0

--------------------------------------------[test] episodic_return=-0.33999999999999997
avg_episodic_return=-0.38080000000000014
max_episodic_return=-0.33999999999999997
avg_episodic_length=51.0
tau=0.10204081632653056
rho=0.1352549889135255
--------------------------------------------

[Train] global_step=4726272
avg_episodic_return=-0.3508375287055969
max_episodic_return=-0.29234373569488525
avg_episodic_length=51.0

[Train] global_step=4752384
avg_episodic_return=-0.33852267265319824
max_episodic_return=-0.28144532442092896
avg_episodic_length=51.0

[Train] global_step=4778496
avg_episodic_return=-0.3544054925441742
max_episodic_return=-0.2972656190395355
avg_episodic_length=51.0

--------------------------------------------[test] episodic_return=-0.33999999999999997
avg_episodic_return=-0.3872
max_episodic_return=-0.33999999999999997
avg_episodic_length=51.0
tau=0.08948194662480372
rho=0.12167971401420881
--------------------------------------------

[Train] global_step=4804608
avg_episodic_return=-0.3490203619003296
max_episodic_return=-0.29121094942092896
avg_episodic_length=51.0

[Train] global_step=4830720
avg_episodic_return=-0.3490898907184601
max_episodic_return=-0.2926562428474426
avg_episodic_length=51.0

[Train] global_step=4856832
avg_episodic_return=-0.3493211269378662
max_episodic_return=-0.2925781309604645
avg_episodic_length=51.0

--------------------------------------------[test] episodic_return=-0.33999999999999997
avg_episodic_return=-0.4008000000000001
max_episodic_return=-0.33999999999999997
avg_episodic_length=51.0
tau=0.06593406593406592
rho=0.08737951943526852
--------------------------------------------

[Train] global_step=4882944
avg_episodic_return=-0.35422033071517944
max_episodic_return=-0.29738283157348633
avg_episodic_length=51.0

[Train] global_step=4909056
avg_episodic_return=-0.3502398729324341
max_episodic_return=-0.2925390601158142
avg_episodic_length=51.0

[Train] global_step=4935168
avg_episodic_return=-0.3487187623977661
max_episodic_return=-0.29152345657348633
avg_episodic_length=51.0

--------------------------------------------[test] episodic_return=-0.35999999999999993
avg_episodic_return=-0.3972
max_episodic_return=-0.35999999999999993
avg_episodic_length=51.0
tau=0.056514913657770775
rho=0.08339743879813569
--------------------------------------------

[Train] global_step=4961280
avg_episodic_return=-0.3463132977485657
max_episodic_return=-0.2885156571865082
avg_episodic_length=51.0

[Train] global_step=4987392
avg_episodic_return=-0.3502640724182129
max_episodic_return=-0.2933984398841858
avg_episodic_length=51.0

[Train] global_step=5013504
avg_episodic_return=-0.34082892537117004
max_episodic_return=-0.2827734351158142
avg_episodic_length=51.0

--------------------------------------------[test] episodic_return=-0.33999999999999997
avg_episodic_return=-0.3928
max_episodic_return=-0.33999999999999997
avg_episodic_length=51.0
tau=0.0643642072213501
rho=0.09009457441513193
--------------------------------------------

[Train] global_step=5039616
avg_episodic_return=-0.3467664420604706
max_episodic_return=-0.2883593738079071
avg_episodic_length=51.0

[Train] global_step=5065728
avg_episodic_return=-0.3448297083377838
max_episodic_return=-0.28882813453674316
avg_episodic_length=51.0

[Train] global_step=5091840
avg_episodic_return=-0.3423476815223694
max_episodic_return=-0.28535157442092896
avg_episodic_length=51.0

--------------------------------------------[test] episodic_return=-0.35999999999999993
avg_episodic_return=-0.4076000000000002
max_episodic_return=-0.35999999999999993
avg_episodic_length=51.0
tau=0.08791208791208792
rho=0.11561609122584734
--------------------------------------------

[Train] global_step=5117952
avg_episodic_return=-0.3544437885284424
max_episodic_return=-0.29835939407348633
avg_episodic_length=51.0

[Train] global_step=5144064
avg_episodic_return=-0.3402664363384247
max_episodic_return=-0.2844921946525574
avg_episodic_length=51.0

[Train] global_step=5170176
avg_episodic_return=-0.3403078317642212
max_episodic_return=-0.2862890660762787
avg_episodic_length=51.0

--------------------------------------------[test] episodic_return=-0.35999999999999993
avg_episodic_return=-0.39760000000000023
max_episodic_return=-0.35999999999999993
avg_episodic_length=51.0
tau=0.06593406593406592
rho=0.09000407258246979
--------------------------------------------

[Train] global_step=5196288
avg_episodic_return=-0.3517687916755676
max_episodic_return=-0.2960156202316284
avg_episodic_length=51.0

[Train] global_step=5222400
avg_episodic_return=-0.340862512588501
max_episodic_return=-0.2847656309604645
avg_episodic_length=51.0

[Train] global_step=5248512
avg_episodic_return=-0.342914879322052
max_episodic_return=-0.28914064168930054
avg_episodic_length=51.0

--------------------------------------------[test] episodic_return=-0.38000000000000017
avg_episodic_return=-0.4036000000000002
max_episodic_return=-0.38000000000000017
avg_episodic_length=51.0
tau=0.06593406593406592
rho=0.087741526765917
--------------------------------------------

[Train] global_step=5274624
avg_episodic_return=-0.3346898555755615
max_episodic_return=-0.27785158157348633
avg_episodic_length=51.0

[Train] global_step=5300736
avg_episodic_return=-0.34012579917907715
max_episodic_return=-0.28617188334465027
avg_episodic_length=51.0

[Train] global_step=5326848
avg_episodic_return=-0.341910183429718
max_episodic_return=-0.28843748569488525
avg_episodic_length=51.0

--------------------------------------------[test] episodic_return=-0.33999999999999997
avg_episodic_return=-0.38519999999999993
max_episodic_return=-0.33999999999999997
avg_episodic_length=51.0
tau=0.09576138147566714
rho=0.13425946875424227
--------------------------------------------

[Train] global_step=5352960
avg_episodic_return=-0.3498094081878662
max_episodic_return=-0.2950390577316284
avg_episodic_length=51.0

[Train] global_step=5379072
avg_episodic_return=-0.33737969398498535
max_episodic_return=-0.28296875953674316
avg_episodic_length=51.0

[Train] global_step=5405184
avg_episodic_return=-0.3432968854904175
max_episodic_return=-0.2876562476158142
avg_episodic_length=51.0

--------------------------------------------[test] episodic_return=-0.33999999999999997
avg_episodic_return=-0.3851999999999999
max_episodic_return=-0.33999999999999997
avg_episodic_length=51.0
tau=0.11302982731554155
rho=0.14349065568577762
--------------------------------------------

[Train] global_step=5431296
avg_episodic_return=-0.3373976945877075
max_episodic_return=-0.28199219703674316
avg_episodic_length=51.0

[Train] global_step=5457408
avg_episodic_return=-0.3416789174079895
max_episodic_return=-0.2860937714576721
avg_episodic_length=51.0

[Train] global_step=5483520
avg_episodic_return=-0.34003984928131104
max_episodic_return=-0.2855468988418579
avg_episodic_length=51.0

--------------------------------------------[test] episodic_return=-0.33999999999999997
avg_episodic_return=-0.3819999999999999
max_episodic_return=-0.33999999999999997
avg_episodic_length=51.0
tau=0.11302982731554155
rho=0.14349065568577762
--------------------------------------------

[Train] global_step=5509632
avg_episodic_return=-0.3415672183036804
max_episodic_return=-0.28566408157348633
avg_episodic_length=51.0

[Train] global_step=5535744
avg_episodic_return=-0.34695160388946533
max_episodic_return=-0.2919531464576721
avg_episodic_length=51.0

[Train] global_step=5561856
avg_episodic_return=-0.34759223461151123
max_episodic_return=-0.29332029819488525
avg_episodic_length=51.0

--------------------------------------------[test] episodic_return=-0.33999999999999997
avg_episodic_return=-0.38920000000000027
max_episodic_return=-0.33999999999999997
avg_episodic_length=51.0
tau=0.11616954474097332
rho=0.15118331146205713
--------------------------------------------

[Train] global_step=5587968
avg_episodic_return=-0.33598124980926514
max_episodic_return=-0.28171876072883606
avg_episodic_length=51.0

[Train] global_step=5614080
avg_episodic_return=-0.34218907356262207
max_episodic_return=-0.2886328101158142
avg_episodic_length=51.0

[Train] global_step=5640192
avg_episodic_return=-0.3418633043766022
max_episodic_return=-0.28785157203674316
avg_episodic_length=51.0

--------------------------------------------[test] episodic_return=-0.35999999999999993
avg_episodic_return=-0.39719999999999994
max_episodic_return=-0.35999999999999993
avg_episodic_length=51.0
tau=0.12244897959183675
rho=0.16349156070410423
--------------------------------------------

[Train] global_step=5666304
avg_episodic_return=-0.34068363904953003
max_episodic_return=-0.2882031202316284
avg_episodic_length=51.0

[Train] global_step=5692416
avg_episodic_return=-0.3371414542198181
max_episodic_return=-0.28421875834465027
avg_episodic_length=51.0

[Train] global_step=5718528
avg_episodic_return=-0.3410000205039978
max_episodic_return=-0.2860156297683716
avg_episodic_length=51.0

--------------------------------------------[test] episodic_return=-0.33999999999999997
avg_episodic_return=-0.3867999999999998
max_episodic_return=-0.33999999999999997
avg_episodic_length=51.0
tau=0.14285714285714285
rho=0.18340196388976876
--------------------------------------------

[Train] global_step=5744640
avg_episodic_return=-0.3391968607902527
max_episodic_return=-0.28574222326278687
avg_episodic_length=51.0

[Train] global_step=5770752
avg_episodic_return=-0.3395390808582306
max_episodic_return=-0.2862890660762787
avg_episodic_length=51.0

[Train] global_step=5796864
avg_episodic_return=-0.3315117359161377
max_episodic_return=-0.2766406536102295
avg_episodic_length=51.0

--------------------------------------------[test] episodic_return=-0.33999999999999997
avg_episodic_return=-0.38080000000000014
max_episodic_return=-0.33999999999999997
avg_episodic_length=51.0
tau=0.1444270015698587
rho=0.18810805918819865
--------------------------------------------

[Train] global_step=5822976
avg_episodic_return=-0.3354671895503998
max_episodic_return=-0.28171873092651367
avg_episodic_length=51.0

[Train] global_step=5849088
avg_episodic_return=-0.3393023610115051
max_episodic_return=-0.28730469942092896
avg_episodic_length=51.0

[Train] global_step=5875200
avg_episodic_return=-0.3408414125442505
max_episodic_return=-0.2862890660762787
avg_episodic_length=51.0

--------------------------------------------[test] episodic_return=-0.33999999999999997
avg_episodic_return=-0.3712
max_episodic_return=-0.33999999999999997
avg_episodic_length=51.0
tau=0.14599686028257447
rho=0.1941716819765601
--------------------------------------------

[Train] global_step=5901312
avg_episodic_return=-0.33421874046325684
max_episodic_return=-0.2806640565395355
avg_episodic_length=51.0

[Train] global_step=5927424
avg_episodic_return=-0.33022111654281616
max_episodic_return=-0.27574217319488525
avg_episodic_length=51.0

[Train] global_step=5953536
avg_episodic_return=-0.33342188596725464
max_episodic_return=-0.2798828184604645
avg_episodic_length=51.0

--------------------------------------------[test] episodic_return=-0.33999999999999997
avg_episodic_return=-0.3680000000000001
max_episodic_return=-0.33999999999999997
avg_episodic_length=51.0
tau=0.15227629513343796
rho=0.20204534141816374
--------------------------------------------

[Train] global_step=5979648
avg_episodic_return=-0.3356843888759613
max_episodic_return=-0.2811328172683716
avg_episodic_length=51.0

[Train] global_step=6005760
avg_episodic_return=-0.3318406343460083
max_episodic_return=-0.2778906226158142
avg_episodic_length=51.0

[Train] global_step=6031872
avg_episodic_return=-0.3343226909637451
max_episodic_return=-0.2810937464237213
avg_episodic_length=51.0

--------------------------------------------[test] episodic_return=-0.32000000000000006
avg_episodic_return=-0.37359999999999993
max_episodic_return=-0.32000000000000006
avg_episodic_length=51.0
tau=0.15384615384615385
rho=0.2086519752024979
--------------------------------------------

[Train] global_step=6057984
avg_episodic_return=-0.3300500214099884
max_episodic_return=-0.2767968773841858
avg_episodic_length=51.0

[Train] global_step=6084096
avg_episodic_return=-0.3365218937397003
max_episodic_return=-0.28273439407348633
avg_episodic_length=51.0

[Train] global_step=6110208
avg_episodic_return=-0.33944064378738403
max_episodic_return=-0.28660157322883606
avg_episodic_length=51.0

--------------------------------------------[test] episodic_return=-0.33999999999999997
avg_episodic_return=-0.37359999999999993
max_episodic_return=-0.33999999999999997
avg_episodic_length=51.0
tau=0.17425431711146
rho=0.2218652427711661
--------------------------------------------

[Train] global_step=6136320
avg_episodic_return=-0.3258633017539978
max_episodic_return=-0.27152344584465027
avg_episodic_length=51.0

[Train] global_step=6162432
avg_episodic_return=-0.33139532804489136
max_episodic_return=-0.2776562571525574
avg_episodic_length=51.0

[Train] global_step=6188544
avg_episodic_return=-0.3354765772819519
max_episodic_return=-0.279960960149765
avg_episodic_length=51.0

--------------------------------------------[test] episodic_return=-0.30000000000000004
avg_episodic_return=-0.37480000000000013
max_episodic_return=-0.30000000000000004
avg_episodic_length=51.0
tau=0.15227629513343796
rho=0.19742974795239596
--------------------------------------------

[Train] global_step=6214656
avg_episodic_return=-0.3378797173500061
max_episodic_return=-0.28367185592651367
avg_episodic_length=51.0

[Train] global_step=6240768
avg_episodic_return=-0.33028125762939453
max_episodic_return=-0.2757031321525574
avg_episodic_length=51.0

[Train] global_step=6266880
avg_episodic_return=-0.3345594108104706
max_episodic_return=-0.2813671827316284
avg_episodic_length=51.0

--------------------------------------------[test] episodic_return=-0.33999999999999997
avg_episodic_return=-0.3683999999999999
max_episodic_return=-0.33999999999999997
avg_episodic_length=51.0
tau=0.14913657770800626
rho=0.1891035793474817
--------------------------------------------

[Train] global_step=6292992
avg_episodic_return=-0.33541250228881836
max_episodic_return=-0.28214845061302185
avg_episodic_length=51.0

[Train] global_step=6319104
avg_episodic_return=-0.334347665309906
max_episodic_return=-0.2819140553474426
avg_episodic_length=51.0

[Train] global_step=6345216
avg_episodic_return=-0.333246111869812
max_episodic_return=-0.279960960149765
avg_episodic_length=51.0

--------------------------------------------[test] episodic_return=-0.32000000000000006
avg_episodic_return=-0.36919999999999986
max_episodic_return=-0.32000000000000006
avg_episodic_length=51.0
tau=0.15070643642072212
rho=0.20801846237386298
--------------------------------------------

[Train] global_step=6371328
avg_episodic_return=-0.3372539281845093
max_episodic_return=-0.2835937440395355
avg_episodic_length=51.0

[Train] global_step=6397440
avg_episodic_return=-0.33479923009872437
max_episodic_return=-0.2823828160762787
avg_episodic_length=51.0

[Train] global_step=6423552
avg_episodic_return=-0.3338070213794708
max_episodic_return=-0.28144532442092896
avg_episodic_length=51.0

--------------------------------------------[test] episodic_return=-0.32000000000000006
avg_episodic_return=-0.3784000000000003
max_episodic_return=-0.32000000000000006
avg_episodic_length=51.0
tau=0.14599686028257447
rho=0.1841259785510657
--------------------------------------------

[Train] global_step=6449664
avg_episodic_return=-0.33672189712524414
max_episodic_return=-0.28269532322883606
avg_episodic_length=51.0

[Train] global_step=6475776
avg_episodic_return=-0.32992422580718994
max_episodic_return=-0.2762500047683716
avg_episodic_length=51.0

[Train] global_step=6501888
avg_episodic_return=-0.33167657256126404
max_episodic_return=-0.27640625834465027
avg_episodic_length=51.0

--------------------------------------------[test] episodic_return=-0.32000000000000006
avg_episodic_return=-0.37279999999999996
max_episodic_return=-0.32000000000000006
avg_episodic_length=51.0
tau=0.14913657770800626
rho=0.18747454635956376
--------------------------------------------

[Train] global_step=6528000
avg_episodic_return=-0.3249179720878601
max_episodic_return=-0.27152347564697266
avg_episodic_length=51.0

[Train] global_step=6554112
avg_episodic_return=-0.3327640891075134
max_episodic_return=-0.279296875
avg_episodic_length=51.0

[Train] global_step=6580224
avg_episodic_return=-0.3345218896865845
max_episodic_return=-0.2823828458786011
avg_episodic_length=51.0

--------------------------------------------[test] episodic_return=-0.33999999999999997
avg_episodic_return=-0.372
max_episodic_return=-0.33999999999999997
avg_episodic_length=51.0
tau=0.17268445839874408
rho=0.21797366396669535
--------------------------------------------

[Train] global_step=6606336
avg_episodic_return=-0.33171096444129944
max_episodic_return=-0.2776562571525574
avg_episodic_length=51.0

[Train] global_step=6632448
avg_episodic_return=-0.3330570459365845
max_episodic_return=-0.2794140577316284
avg_episodic_length=51.0

[Train] global_step=6658560
avg_episodic_return=-0.3345062732696533
max_episodic_return=-0.2808203101158142
avg_episodic_length=51.0

--------------------------------------------[test] episodic_return=-0.32000000000000006
avg_episodic_return=-0.36200000000000004
max_episodic_return=-0.32000000000000006
avg_episodic_length=51.0
tau=0.1444270015698587
rho=0.19860627177700346
--------------------------------------------

[Train] global_step=6684672
avg_episodic_return=-0.32986170053482056
max_episodic_return=-0.2778906226158142
avg_episodic_length=51.0

[Train] global_step=6710784
avg_episodic_return=-0.3287445306777954
max_episodic_return=-0.2747265696525574
avg_episodic_length=51.0

[Train] global_step=6736896
avg_episodic_return=-0.3268781304359436
max_episodic_return=-0.27445313334465027
avg_episodic_length=51.0

--------------------------------------------[test] episodic_return=-0.32000000000000006
avg_episodic_return=-0.36159999999999987
max_episodic_return=-0.32000000000000006
avg_episodic_length=51.0
tau=0.17268445839874408
rho=0.21797366396669535
--------------------------------------------

[Train] global_step=6763008
avg_episodic_return=-0.325893759727478
max_episodic_return=-0.2724609375
avg_episodic_length=51.0

[Train] global_step=6789120
avg_episodic_return=-0.32298046350479126
max_episodic_return=-0.26929688453674316
avg_episodic_length=51.0

[Train] global_step=6815232
avg_episodic_return=-0.3304929733276367
max_episodic_return=-0.2776171863079071
avg_episodic_length=51.0

--------------------------------------------[test] episodic_return=-0.30000000000000004
avg_episodic_return=-0.35999999999999993
max_episodic_return=-0.30000000000000004
avg_episodic_length=51.0
tau=0.16954474097331232
rho=0.21435359066021079
--------------------------------------------

[Train] global_step=6841344
avg_episodic_return=-0.32000860571861267
max_episodic_return=-0.2663281559944153
avg_episodic_length=51.0

[Train] global_step=6867456
avg_episodic_return=-0.3285062611103058
max_episodic_return=-0.2763281464576721
avg_episodic_length=51.0

[Train] global_step=6893568
avg_episodic_return=-0.3269984722137451
max_episodic_return=-0.2737109363079071
avg_episodic_length=51.0

--------------------------------------------[test] episodic_return=-0.33999999999999997
avg_episodic_return=-0.36439999999999995
max_episodic_return=-0.33999999999999997
avg_episodic_length=51.0
tau=0.15855572998430134
rho=0.21100502285171271
--------------------------------------------

[Train] global_step=6919680
avg_episodic_return=-0.323577344417572
max_episodic_return=-0.2709375023841858
avg_episodic_length=51.0

[Train] global_step=6945792
avg_episodic_return=-0.3286617398262024
max_episodic_return=-0.2760937809944153
avg_episodic_length=51.0

[Train] global_step=6971904
avg_episodic_return=-0.3233422040939331
max_episodic_return=-0.2705078125
avg_episodic_length=51.0

--------------------------------------------[test] episodic_return=-0.33999999999999997
avg_episodic_return=-0.36040000000000005
max_episodic_return=-0.33999999999999997
avg_episodic_length=51.0
tau=0.15070643642072212
rho=0.19851576994434142
--------------------------------------------

[Train] global_step=6998016
avg_episodic_return=-0.3241913914680481
max_episodic_return=-0.27363282442092896
avg_episodic_length=51.0

[Train] global_step=7024128
avg_episodic_return=-0.32926487922668457
max_episodic_return=-0.2769140601158142
avg_episodic_length=51.0

[Train] global_step=7050240
avg_episodic_return=-0.32128283381462097
max_episodic_return=-0.2708203196525574
avg_episodic_length=51.0

--------------------------------------------[test] episodic_return=-0.33999999999999997
avg_episodic_return=-0.36759999999999987
max_episodic_return=-0.33999999999999997
avg_episodic_length=51.0
tau=0.16954474097331232
rho=0.21435359066021079
--------------------------------------------

[Train] global_step=7076352
avg_episodic_return=-0.32055550813674927
max_episodic_return=-0.2671484351158142
avg_episodic_length=51.0

[Train] global_step=7102464
avg_episodic_return=-0.33000001311302185
max_episodic_return=-0.2785547077655792
avg_episodic_length=51.0

[Train] global_step=7128576
avg_episodic_return=-0.3274523615837097
max_episodic_return=-0.2766796946525574
avg_episodic_length=51.0

--------------------------------------------[test] episodic_return=-0.32000000000000006
avg_episodic_return=-0.3704
max_episodic_return=-0.32000000000000006
avg_episodic_length=51.0
tau=0.16954474097331232
rho=0.21435359066021079
--------------------------------------------

[Train] global_step=7154688
avg_episodic_return=-0.3238648772239685
max_episodic_return=-0.27238282561302185
avg_episodic_length=51.0

[Train] global_step=7180800
avg_episodic_return=-0.32422032952308655
max_episodic_return=-0.2723047137260437
avg_episodic_length=51.0

[Train] global_step=7206912
avg_episodic_return=-0.31653672456741333
max_episodic_return=-0.26527345180511475
avg_episodic_length=51.0

--------------------------------------------[test] episodic_return=-0.32000000000000006
avg_episodic_return=-0.37439999999999984
max_episodic_return=-0.32000000000000006
avg_episodic_length=51.0
tau=0.1475667189952904
rho=0.1953482058011674
--------------------------------------------

[Train] global_step=7233024
avg_episodic_return=-0.326801598072052
max_episodic_return=-0.27449217438697815
avg_episodic_length=51.0

[Train] global_step=7259136
avg_episodic_return=-0.3232898414134979
max_episodic_return=-0.27210938930511475
avg_episodic_length=51.0

[Train] global_step=7285248
avg_episodic_return=-0.3319304585456848
max_episodic_return=-0.27894532680511475
avg_episodic_length=51.0

--------------------------------------------[test] episodic_return=-0.32000000000000006
avg_episodic_return=-0.3704
max_episodic_return=-0.32000000000000006
avg_episodic_length=51.0
tau=0.16954474097331232
rho=0.21435359066021079
--------------------------------------------

[Train] global_step=7311360
avg_episodic_return=-0.32072579860687256
max_episodic_return=-0.26816409826278687
avg_episodic_length=51.0

[Train] global_step=7337472
avg_episodic_return=-0.3218265771865845
max_episodic_return=-0.27128905057907104
avg_episodic_length=51.0

[Train] global_step=7363584
avg_episodic_return=-0.3185109496116638
max_episodic_return=-0.2671875059604645
avg_episodic_length=51.0

--------------------------------------------[test] episodic_return=-0.32000000000000006
avg_episodic_return=-0.37720000000000004
max_episodic_return=-0.32000000000000006
avg_episodic_length=51.0
tau=0.1821036106750392
rho=0.22557581791031273
--------------------------------------------

[Train] global_step=7389696
avg_episodic_return=-0.32531797885894775
max_episodic_return=-0.2736718952655792
avg_episodic_length=51.0

[Train] global_step=7415808
avg_episodic_return=-0.32329845428466797
max_episodic_return=-0.2726172208786011
avg_episodic_length=51.0

[Train] global_step=7441920
avg_episodic_return=-0.31782424449920654
max_episodic_return=-0.2653515934944153
avg_episodic_length=51.0

--------------------------------------------[test] episodic_return=-0.32000000000000006
avg_episodic_return=-0.37439999999999996
max_episodic_return=-0.32000000000000006
avg_episodic_length=51.0
tau=0.17739403453689173
rho=0.2226797592651251
--------------------------------------------

[Train] global_step=7468032
avg_episodic_return=-0.3181679844856262
max_episodic_return=-0.2654687762260437
avg_episodic_length=51.0

[Train] global_step=7494144
avg_episodic_return=-0.33135706186294556
max_episodic_return=-0.28074219822883606
avg_episodic_length=51.0

[Train] global_step=7520256
avg_episodic_return=-0.3280929923057556
max_episodic_return=-0.2759374976158142
avg_episodic_length=51.0

--------------------------------------------[test] episodic_return=-0.32000000000000006
avg_episodic_return=-0.36999999999999983
max_episodic_return=-0.32000000000000006
avg_episodic_length=51.0
tau=0.17896389324960743
rho=0.223494275759084
--------------------------------------------

[Train] global_step=7546368
avg_episodic_return=-0.3292851746082306
max_episodic_return=-0.2770703434944153
avg_episodic_length=51.0

[Train] global_step=7572480
avg_episodic_return=-0.33571094274520874
max_episodic_return=-0.28437501192092896
avg_episodic_length=51.0

[Train] global_step=7598592
avg_episodic_return=-0.3249117136001587
max_episodic_return=-0.27476564049720764
avg_episodic_length=51.0

--------------------------------------------[test] episodic_return=-0.32000000000000006
avg_episodic_return=-0.3788000000000001
max_episodic_return=-0.32000000000000006
avg_episodic_length=51.0
tau=0.1821036106750392
rho=0.22557581791031273
--------------------------------------------

[Train] global_step=7624704
avg_episodic_return=-0.3218117356300354
max_episodic_return=-0.2724999785423279
avg_episodic_length=51.0

[Train] global_step=7650816
avg_episodic_return=-0.32863205671310425
max_episodic_return=-0.27683594822883606
avg_episodic_length=51.0

[Train] global_step=7676928
avg_episodic_return=-0.3264797031879425
max_episodic_return=-0.2755078077316284
avg_episodic_length=51.0

--------------------------------------------[test] episodic_return=-0.33999999999999997
avg_episodic_return=-0.3816000000000001
max_episodic_return=-0.33999999999999997
avg_episodic_length=51.0
tau=0.17425431711146
rho=0.22059821711389654
--------------------------------------------

[Train] global_step=7703040
avg_episodic_return=-0.31714457273483276
max_episodic_return=-0.2650390863418579
avg_episodic_length=51.0

[Train] global_step=7729152
avg_episodic_return=-0.3146851658821106
max_episodic_return=-0.26292967796325684
avg_episodic_length=51.0

[Train] global_step=7755264
avg_episodic_return=-0.31564295291900635
max_episodic_return=-0.26359376311302185
avg_episodic_length=51.0

--------------------------------------------[test] episodic_return=-0.33999999999999997
avg_episodic_return=-0.3828
max_episodic_return=-0.33999999999999997
avg_episodic_length=51.0
tau=0.18053375196232332
rho=0.2346260011765239
--------------------------------------------

[Train] global_step=7781376
avg_episodic_return=-0.3325125277042389
max_episodic_return=-0.28257814049720764
avg_episodic_length=51.0

[Train] global_step=7807488
avg_episodic_return=-0.32359063625335693
max_episodic_return=-0.271484375
avg_episodic_length=51.0

[Train] global_step=7833600
avg_episodic_return=-0.3104492425918579
max_episodic_return=-0.2590234577655792
avg_episodic_length=51.0

--------------------------------------------[test] episodic_return=-0.33999999999999997
avg_episodic_return=-0.3864000000000001
max_episodic_return=-0.33999999999999997
avg_episodic_length=51.0
tau=0.17582417582417584
rho=0.23236345535997108
--------------------------------------------

[Train] global_step=7859712
avg_episodic_return=-0.33031797409057617
max_episodic_return=-0.28062498569488525
avg_episodic_length=51.0

[Train] global_step=7885824
avg_episodic_return=-0.3252476751804352
max_episodic_return=-0.2741015553474426
avg_episodic_length=51.0

[Train] global_step=7911936
avg_episodic_return=-0.31547582149505615
max_episodic_return=-0.2628515362739563
avg_episodic_length=51.0

--------------------------------------------[test] episodic_return=-0.33999999999999997
avg_episodic_return=-0.39080000000000015
max_episodic_return=-0.33999999999999997
avg_episodic_length=51.0
tau=0.1821036106750392
rho=0.2335399791845784
--------------------------------------------

[Train] global_step=7938048
avg_episodic_return=-0.33002346754074097
max_episodic_return=-0.28035157918930054
avg_episodic_length=51.0

