[Train] global_step=26112
avg_episodic_return=-0.5257195830345154
max_episodic_return=-0.4371485114097595
avg_episodic_length=51.0

[Train] global_step=52224
avg_episodic_return=-0.5230110287666321
max_episodic_return=-0.43558600544929504
avg_episodic_length=51.0

[Train] global_step=78336
avg_episodic_return=-0.5199813842773438
max_episodic_return=-0.4335938096046448
avg_episodic_length=51.0

[Train] global_step=104448
avg_episodic_return=-0.524723470211029
max_episodic_return=-0.43792974948883057
avg_episodic_length=51.0

[Train] global_step=130560
avg_episodic_return=-0.5246109962463379
max_episodic_return=-0.43656256794929504
avg_episodic_length=51.0

--------------------------------------------[test] episodic_return=-0.46000000000000013
avg_episodic_return=-0.5092
max_episodic_return=-0.46000000000000013
avg_episodic_length=51.0
tau=0.15384615384615385
rho=0.22421829042038105
--------------------------------------------

[Train] global_step=156672
avg_episodic_return=-0.5252859592437744
max_episodic_return=-0.43785160779953003
avg_episodic_length=51.0

[Train] global_step=182784
avg_episodic_return=-0.5209617614746094
max_episodic_return=-0.43277353048324585
avg_episodic_length=51.0

[Train] global_step=208896
avg_episodic_return=-0.5218015909194946
max_episodic_return=-0.433828204870224
avg_episodic_length=51.0

[Train] global_step=235008
avg_episodic_return=-0.5203477144241333
max_episodic_return=-0.4321485161781311
avg_episodic_length=51.0

[Train] global_step=261120
avg_episodic_return=-0.5202164649963379
max_episodic_return=-0.43207037448883057
avg_episodic_length=51.0

--------------------------------------------[test] episodic_return=-0.54
avg_episodic_return=-0.5652
max_episodic_return=-0.54
avg_episodic_length=51.0
tau=0.15384615384615385
rho=0.22439929408570522
--------------------------------------------

[Train] global_step=287232
avg_episodic_return=-0.5298024415969849
max_episodic_return=-0.4420703649520874
avg_episodic_length=51.0

[Train] global_step=313344
avg_episodic_return=-0.5328320264816284
max_episodic_return=-0.4462500512599945
avg_episodic_length=51.0

[Train] global_step=339456
avg_episodic_return=-0.5241110324859619
max_episodic_return=-0.4374610185623169
avg_episodic_length=51.0

[Train] global_step=365568
avg_episodic_return=-0.524208664894104
max_episodic_return=-0.4357813000679016
avg_episodic_length=51.0

[Train] global_step=391680
avg_episodic_return=-0.5212211608886719
max_episodic_return=-0.43378913402557373
avg_episodic_length=51.0

--------------------------------------------[test] episodic_return=-0.54
avg_episodic_return=-0.5608000000000001
max_episodic_return=-0.54
avg_episodic_length=51.0
tau=0.16483516483516478
rho=0.23761256165437353
--------------------------------------------

[Train] global_step=417792
avg_episodic_return=-0.5263040065765381
max_episodic_return=-0.4400781989097595
avg_episodic_length=51.0

[Train] global_step=443904
avg_episodic_return=-0.5229844450950623
max_episodic_return=-0.4344922602176666
avg_episodic_length=51.0

[Train] global_step=470016
avg_episodic_return=-0.5236344337463379
max_episodic_return=-0.4355469346046448
avg_episodic_length=51.0

[Train] global_step=496128
avg_episodic_return=-0.5192344188690186
max_episodic_return=-0.431875079870224
avg_episodic_length=51.0

[Train] global_step=522240
avg_episodic_return=-0.5158711671829224
max_episodic_return=-0.42718756198883057
avg_episodic_length=51.0

--------------------------------------------[test] episodic_return=-0.54
avg_episodic_return=-0.5768000000000002
max_episodic_return=-0.54
avg_episodic_length=51.0
tau=0.1569858712715855
rho=0.229919905878094
--------------------------------------------

[Train] global_step=548352
avg_episodic_return=-0.5218726992607117
max_episodic_return=-0.4344141185283661
avg_episodic_length=51.0

[Train] global_step=574464
avg_episodic_return=-0.5141555666923523
max_episodic_return=-0.42691415548324585
avg_episodic_length=51.0

[Train] global_step=600576
avg_episodic_return=-0.5211789608001709
max_episodic_return=-0.43402349948883057
avg_episodic_length=51.0

